2026-01-03 13:54:24,233{GMT}	INFO	[jepsen test runner] jepsen.core: Command line:
lein run test unique-ids --bin ./id-gen --time-limit 30 --rate 1000 --node-count 3 --availability total --nemesis partition --concurrency 6
2026-01-03 13:54:24,300{GMT}	INFO	[jepsen test runner] jepsen.core: Running test:
{:args ["unique-ids"]
 :remote
 #jepsen.control.retry.Remote{:remote #jepsen.control.scp.Remote{:cmd-remote #jepsen.control.sshj.SSHJRemote{:concurrency-limit 6,
                                                                                                             :conn-spec nil,
                                                                                                             :client nil,
                                                                                                             :semaphore nil},
                                                                 :conn-spec nil},
                              :conn nil}
 :log-net-send false
 :node-count 3
 :availability :total
 :max-txn-length 4
 :concurrency 6
 :db
 #object[maelstrom.db$db$reify__16612
         "0x5634c26c"
         "maelstrom.db$db$reify__16612@5634c26c"]
 :max-writes-per-key 16
 :leave-db-running? false
 :name "lin-kv"
 :logging-json? false
 :start-time
 #object[org.joda.time.DateTime "0x37a5ac85" "2026-01-03T13:54:24.219-05:00"]
 :nemesis-interval 10
 :net
 #object[maelstrom.net$jepsen_net$reify__15721
         "0x5d4f0fd5"
         "maelstrom.net$jepsen_net$reify__15721@5d4f0fd5"]
 :client
 #object[maelstrom.workload.lin_kv$client$reify__20973
         "0x2092b072"
         "maelstrom.workload.lin_kv$client$reify__20973@2092b072"]
 :barrier
 #object[java.util.concurrent.CyclicBarrier
         "0x504521ae"
         "java.util.concurrent.CyclicBarrier@504521ae"]
 :log-stderr false
 :pure-generators true
 :ssh {:dummy? true}
 :rate 1000.0
 :checker
 #object[jepsen.checker$compose$reify__11089
         "0x4a9e6ea7"
         "jepsen.checker$compose$reify__11089@4a9e6ea7"]
 :argv
 ("test"
  "unique-ids"
  "--bin"
  "./id-gen"
  "--time-limit"
  "30"
  "--rate"
  "1000"
  "--node-count"
  "3"
  "--availability"
  "total"
  "--nemesis"
  "partition"
  "--concurrency"
  "6")
 :nemesis
 (jepsen.nemesis.ReflCompose
  {:fm {:start-partition 0,
        :stop-partition 0,
        :kill 1,
        :start 1,
        :pause 1,
        :resume 1},
   :nemeses [#unprintable "jepsen.nemesis.combined$partition_nemesis$reify__16905@6f8af186"
             #unprintable "jepsen.nemesis.combined$db_nemesis$reify__16886@5aaecd25"]})
 :nodes ["n0" "n1" "n2"]
 :test-count 1
 :latency {:mean 0, :dist :constant}
 :bin "./id-gen"
 :generator
 #object[jepsen.util.Forgettable
         "0x578036a2"
         (jepsen.generator.TimeLimit
          {:limit 30000000000,
           :cutoff nil,
           :gen (jepsen.generator.Any
                 {:gens [(jepsen.generator.OnThreads
                          {:f #{:nemesis},
                           :context-filter #object[jepsen.generator.context$make_thread_filter$lazy_filter__12077
                                                   "0x78fb4f7f"
                                                   "jepsen.generator.context$make_thread_filter$lazy_filter__12077@78fb4f7f"],
                           :gen (jepsen.generator.Stagger
                                 {:dt 20000000000,
                                  :next-time nil,
                                  :gen (jepsen.generator.FlipFlop
                                        {:gens [#object[jepsen.nemesis.combined$partition_package$start__16909
                                                        "0x6a7c1725"
                                                        "jepsen.nemesis.combined$partition_package$start__16909@6a7c1725"]
                                                (jepsen.generator.Repeat
                                                 {:remaining -1,
                                                  :gen {:type :info,
                                                        :f :stop-partition,
                                                        :value nil}})],
                                         :i 0})})})
                         (jepsen.generator.OnThreads
                          {:f #jepsen.generator.context.AllBut{:element :nemesis},
                           :context-filter #object[jepsen.generator.context$make_thread_filter$lazy_filter__12077
                                                   "0x756476a3"
                                                   "jepsen.generator.context$make_thread_filter$lazy_filter__12077@756476a3"],
                           :gen (jepsen.generator.Stagger
                                 {:dt 2000000,
                                  :next-time nil,
                                  :gen (jepsen.generator.OnThreads
                                        {:f #jepsen.generator.context.AllBut{:element :nemesis},
                                         :context-filter #object[jepsen.generator.context$make_thread_filter$lazy_filter__12077
                                                                 "0x65e4ee59"
                                                                 "jepsen.generator.context$make_thread_filter$lazy_filter__12077@65e4ee59"],
                                         :gen (jepsen.independent.ConcurrentGenerator
                                               {:n 6,
                                                :fgen #object[jepsen.tests.linearizable_register$test$fn__17385
                                                              "0x4746d52d"
                                                              "jepsen.tests.linearizable_register$test$fn__17385@4746d52d"],
                                                :group->threads nil,
                                                :thread->group nil,
                                                :group->context-filter nil,
                                                :keys (0 1 2 3 4 5 6 7 ...),
                                                :gens nil})})})})]})})]
 :log-net-recv false
 :os
 #object[maelstrom.net$jepsen_os$reify__15724
         "0x1b0e81b3"
         "maelstrom.net$jepsen_os$reify__15724@1b0e81b3"]
 :time-limit 30
 :workload :lin-kv
 :consistency-models [:strict-serializable]
 :topology :grid}

2026-01-03 13:54:25,715{GMT}	INFO	[jepsen node n0] maelstrom.net: Starting Maelstrom network
2026-01-03 13:54:25,715{GMT}	INFO	[jepsen test runner] jepsen.db: Tearing down DB
2026-01-03 13:54:25,716{GMT}	INFO	[jepsen test runner] jepsen.db: Setting up DB
2026-01-03 13:54:25,717{GMT}	INFO	[jepsen node n1] maelstrom.db: Setting up n1
2026-01-03 13:54:25,717{GMT}	INFO	[jepsen node n2] maelstrom.db: Setting up n2
2026-01-03 13:54:25,717{GMT}	INFO	[jepsen node n1] maelstrom.process: launching ./id-gen ["unique-ids"]
2026-01-03 13:54:25,717{GMT}	INFO	[jepsen node n2] maelstrom.process: launching ./id-gen ["unique-ids"]
2026-01-03 13:54:25,719{GMT}	INFO	[jepsen node n0] maelstrom.service: Starting services: (lin-kv lin-tso lww-kv seq-kv)
2026-01-03 13:54:25,721{GMT}	INFO	[jepsen node n0] maelstrom.db: Setting up n0
2026-01-03 13:54:25,721{GMT}	INFO	[jepsen node n0] maelstrom.process: launching ./id-gen ["unique-ids"]
2026-01-03 13:54:25,736{GMT}	INFO	[jepsen test runner] jepsen.core: Relative time begins now
2026-01-03 13:54:25,750{GMT}	INFO	[jepsen worker nemesis] jepsen.util: :nemesis	:info	:start-partition	:minority-third
2026-01-03 13:54:25,757{GMT}	INFO	[jepsen worker 0] jepsen.util: 0	:invoke	:read	[0 nil]
2026-01-03 13:54:25,760{GMT}	INFO	[jepsen worker 2] jepsen.util: 2	:invoke	:read	[0 nil]
2026-01-03 13:54:25,760{GMT}	INFO	[jepsen worker nemesis] jepsen.util: :nemesis	:info	:start-partition	[:isolated {"n2" #{}, "n1" #{}, "n0" #{}}]
2026-01-03 13:54:25,762{GMT}	INFO	[jepsen worker 1] jepsen.util: 1	:invoke	:read	[0 nil]
2026-01-03 13:54:25,763{GMT}	INFO	[jepsen worker 5] jepsen.util: 5	:invoke	:cas	[0 [2 4]]
2026-01-03 13:54:25,763{GMT}	INFO	[jepsen worker 3] jepsen.util: 3	:invoke	:cas	[0 [3 2]]
2026-01-03 13:54:25,763{GMT}	INFO	[jepsen worker 4] jepsen.util: 4	:invoke	:write	[0 2]
2026-01-03 13:54:26,761{GMT}	INFO	[jepsen worker 0] jepsen.util: 0	:fail	:read	[0 nil]	:net-timeout
2026-01-03 13:54:26,761{GMT}	INFO	[jepsen worker 2] jepsen.util: 2	:fail	:read	[0 nil]	:net-timeout
2026-01-03 13:54:26,762{GMT}	INFO	[jepsen worker 0] jepsen.util: 0	:invoke	:read	[0 nil]
2026-01-03 13:54:26,762{GMT}	INFO	[jepsen worker 2] jepsen.util: 2	:invoke	:read	[0 nil]
2026-01-03 13:54:26,763{GMT}	INFO	[jepsen worker 1] jepsen.util: 1	:fail	:read	[0 nil]	:net-timeout
2026-01-03 13:54:26,763{GMT}	INFO	[jepsen worker 5] jepsen.util: 5	:info	:cas	[0 [2 4]]	:net-timeout
2026-01-03 13:54:26,763{GMT}	INFO	[jepsen worker 3] jepsen.util: 3	:info	:cas	[0 [3 2]]	:net-timeout
2026-01-03 13:54:26,764{GMT}	INFO	[jepsen worker 1] jepsen.util: 1	:invoke	:read	[0 nil]
2026-01-03 13:54:26,764{GMT}	INFO	[jepsen worker 4] jepsen.util: 4	:info	:write	[0 2]	:net-timeout
2026-01-03 13:54:26,765{GMT}	INFO	[jepsen worker 3] jepsen.util: 9	:invoke	:cas	[0 [2 2]]
2026-01-03 13:54:26,765{GMT}	INFO	[jepsen worker 4] jepsen.util: 10	:invoke	:cas	[0 [3 4]]
2026-01-03 13:54:26,768{GMT}	INFO	[jepsen worker 5] jepsen.util: 11	:invoke	:cas	[0 [3 1]]
2026-01-03 13:54:27,763{GMT}	INFO	[jepsen worker 0] jepsen.util: 0	:fail	:read	[0 nil]	:net-timeout
2026-01-03 13:54:27,763{GMT}	INFO	[jepsen worker 2] jepsen.util: 2	:fail	:read	[0 nil]	:net-timeout
2026-01-03 13:54:27,764{GMT}	INFO	[jepsen worker 1] jepsen.util: 1	:fail	:read	[0 nil]	:net-timeout
2026-01-03 13:54:27,764{GMT}	INFO	[jepsen worker 0] jepsen.util: 0	:invoke	:read	[0 nil]
2026-01-03 13:54:27,765{GMT}	INFO	[jepsen worker 1] jepsen.util: 1	:invoke	:read	[0 nil]
2026-01-03 13:54:27,766{GMT}	INFO	[jepsen worker 3] jepsen.util: 9	:info	:cas	[0 [2 2]]	:net-timeout
2026-01-03 13:54:27,766{GMT}	INFO	[jepsen worker 4] jepsen.util: 10	:info	:cas	[0 [3 4]]	:net-timeout
2026-01-03 13:54:27,767{GMT}	INFO	[jepsen worker 2] jepsen.util: 2	:invoke	:read	[0 nil]
2026-01-03 13:54:27,768{GMT}	INFO	[jepsen worker 3] jepsen.util: 15	:invoke	:cas	[0 [4 2]]
2026-01-03 13:54:27,768{GMT}	INFO	[jepsen worker 5] jepsen.util: 11	:info	:cas	[0 [3 1]]	:net-timeout
2026-01-03 13:54:27,769{GMT}	INFO	[jepsen worker 4] jepsen.util: 16	:invoke	:cas	[0 [3 4]]
2026-01-03 13:54:27,769{GMT}	INFO	[jepsen worker 5] jepsen.util: 17	:invoke	:cas	[0 [2 0]]
2026-01-03 13:54:28,765{GMT}	INFO	[jepsen worker 0] jepsen.util: 0	:fail	:read	[0 nil]	:net-timeout
2026-01-03 13:54:28,765{GMT}	INFO	[jepsen worker 1] jepsen.util: 1	:fail	:read	[0 nil]	:net-timeout
2026-01-03 13:54:28,767{GMT}	INFO	[jepsen worker 0] jepsen.util: 0	:invoke	:read	[0 nil]
2026-01-03 13:54:28,768{GMT}	INFO	[jepsen worker 1] jepsen.util: 1	:invoke	:read	[0 nil]
2026-01-03 13:54:28,768{GMT}	INFO	[jepsen worker 3] jepsen.util: 15	:info	:cas	[0 [4 2]]	:net-timeout
2026-01-03 13:54:28,767{GMT}	INFO	[jepsen worker 2] jepsen.util: 2	:fail	:read	[0 nil]	:net-timeout
2026-01-03 13:54:28,768{GMT}	INFO	[jepsen worker 2] jepsen.util: 2	:invoke	:read	[0 nil]
2026-01-03 13:54:28,769{GMT}	INFO	[jepsen worker 3] jepsen.util: 21	:invoke	:write	[0 4]
2026-01-03 13:54:28,769{GMT}	INFO	[jepsen worker 5] jepsen.util: 17	:info	:cas	[0 [2 0]]	:net-timeout
2026-01-03 13:54:28,769{GMT}	INFO	[jepsen worker 4] jepsen.util: 16	:info	:cas	[0 [3 4]]	:net-timeout
2026-01-03 13:54:28,772{GMT}	INFO	[jepsen worker 4] jepsen.util: 22	:invoke	:write	[0 0]
2026-01-03 13:54:28,773{GMT}	INFO	[jepsen worker 5] jepsen.util: 23	:invoke	:cas	[0 [0 2]]
2026-01-03 13:54:29,769{GMT}	INFO	[jepsen worker 0] jepsen.util: 0	:fail	:read	[0 nil]	:net-timeout
2026-01-03 13:54:29,769{GMT}	INFO	[jepsen worker 1] jepsen.util: 1	:fail	:read	[0 nil]	:net-timeout
2026-01-03 13:54:29,769{GMT}	INFO	[jepsen worker 2] jepsen.util: 2	:fail	:read	[0 nil]	:net-timeout
2026-01-03 13:54:29,769{GMT}	INFO	[jepsen worker 3] jepsen.util: 21	:info	:write	[0 4]	:net-timeout
2026-01-03 13:54:29,770{GMT}	INFO	[jepsen worker 0] jepsen.util: 0	:invoke	:read	[0 nil]
2026-01-03 13:54:29,770{GMT}	INFO	[jepsen worker 1] jepsen.util: 1	:invoke	:read	[0 nil]
2026-01-03 13:54:29,773{GMT}	INFO	[jepsen worker 4] jepsen.util: 22	:info	:write	[0 0]	:net-timeout
2026-01-03 13:54:29,773{GMT}	INFO	[jepsen worker 3] jepsen.util: 27	:invoke	:cas	[0 [2 0]]
2026-01-03 13:54:29,773{GMT}	INFO	[jepsen worker 5] jepsen.util: 23	:info	:cas	[0 [0 2]]	:net-timeout
2026-01-03 13:54:29,774{GMT}	INFO	[jepsen worker 4] jepsen.util: 28	:invoke	:write	[0 2]
2026-01-03 13:54:29,776{GMT}	INFO	[jepsen worker 5] jepsen.util: 29	:invoke	:cas	[0 [2 2]]
2026-01-03 13:54:29,776{GMT}	INFO	[jepsen worker 2] jepsen.util: 2	:invoke	:read	[0 nil]
2026-01-03 13:54:30,771{GMT}	INFO	[jepsen worker 0] jepsen.util: 0	:fail	:read	[0 nil]	:net-timeout
2026-01-03 13:54:30,771{GMT}	INFO	[jepsen worker 1] jepsen.util: 1	:fail	:read	[0 nil]	:net-timeout
2026-01-03 13:54:30,772{GMT}	INFO	[jepsen worker 0] jepsen.util: 0	:invoke	:read	[0 nil]
2026-01-03 13:54:30,773{GMT}	INFO	[jepsen worker 3] jepsen.util: 27	:info	:cas	[0 [2 0]]	:net-timeout
2026-01-03 13:54:30,774{GMT}	INFO	[jepsen worker 1] jepsen.util: 1	:invoke	:read	[0 nil]
2026-01-03 13:54:30,774{GMT}	INFO	[jepsen worker 4] jepsen.util: 28	:info	:write	[0 2]	:net-timeout
2026-01-03 13:54:30,776{GMT}	INFO	[jepsen worker 3] jepsen.util: 33	:invoke	:cas	[0 [3 4]]
2026-01-03 13:54:30,777{GMT}	INFO	[jepsen worker 2] jepsen.util: 2	:fail	:read	[0 nil]	:net-timeout
2026-01-03 13:54:30,777{GMT}	INFO	[jepsen worker 5] jepsen.util: 29	:info	:cas	[0 [2 2]]	:net-timeout
2026-01-03 13:54:30,777{GMT}	INFO	[jepsen worker 4] jepsen.util: 34	:invoke	:cas	[0 [1 2]]
2026-01-03 13:54:30,781{GMT}	INFO	[jepsen worker 5] jepsen.util: 35	:invoke	:cas	[1 [4 3]]
2026-01-03 13:54:30,781{GMT}	INFO	[jepsen worker 2] jepsen.util: 2	:invoke	:read	[1 nil]
2026-01-03 13:54:31,774{GMT}	INFO	[jepsen worker 0] jepsen.util: 0	:fail	:read	[0 nil]	:net-timeout
2026-01-03 13:54:31,774{GMT}	INFO	[jepsen worker 1] jepsen.util: 1	:fail	:read	[0 nil]	:net-timeout
2026-01-03 13:54:31,775{GMT}	INFO	[jepsen worker 0] jepsen.util: 0	:invoke	:read	[1 nil]
2026-01-03 13:54:31,777{GMT}	INFO	[jepsen worker 1] jepsen.util: 1	:invoke	:read	[1 nil]
2026-01-03 13:54:31,777{GMT}	INFO	[jepsen worker 3] jepsen.util: 33	:info	:cas	[0 [3 4]]	:net-timeout
2026-01-03 13:54:31,777{GMT}	INFO	[jepsen worker 4] jepsen.util: 34	:info	:cas	[0 [1 2]]	:net-timeout
2026-01-03 13:54:31,778{GMT}	INFO	[jepsen worker 3] jepsen.util: 39	:invoke	:cas	[1 [4 2]]
2026-01-03 13:54:31,779{GMT}	INFO	[jepsen worker 4] jepsen.util: 40	:invoke	:write	[1 0]
2026-01-03 13:54:31,782{GMT}	INFO	[jepsen worker 2] jepsen.util: 2	:fail	:read	[1 nil]	:net-timeout
2026-01-03 13:54:31,782{GMT}	INFO	[jepsen worker 5] jepsen.util: 35	:info	:cas	[1 [4 3]]	:net-timeout
2026-01-03 13:54:31,783{GMT}	INFO	[jepsen worker 5] jepsen.util: 41	:invoke	:cas	[1 [2 1]]
2026-01-03 13:54:31,785{GMT}	INFO	[jepsen worker 2] jepsen.util: 2	:invoke	:read	[1 nil]
2026-01-03 13:54:32,776{GMT}	INFO	[jepsen worker 0] jepsen.util: 0	:fail	:read	[1 nil]	:net-timeout
2026-01-03 13:54:32,777{GMT}	INFO	[jepsen worker 0] jepsen.util: 0	:invoke	:read	[1 nil]
2026-01-03 13:54:32,777{GMT}	INFO	[jepsen worker 1] jepsen.util: 1	:fail	:read	[1 nil]	:net-timeout
2026-01-03 13:54:32,778{GMT}	INFO	[jepsen worker 3] jepsen.util: 39	:info	:cas	[1 [4 2]]	:net-timeout
2026-01-03 13:54:32,778{GMT}	INFO	[jepsen worker 1] jepsen.util: 1	:invoke	:read	[1 nil]
2026-01-03 13:54:32,779{GMT}	INFO	[jepsen worker 4] jepsen.util: 40	:info	:write	[1 0]	:net-timeout
2026-01-03 13:54:32,780{GMT}	INFO	[jepsen worker 3] jepsen.util: 45	:invoke	:cas	[1 [4 3]]
2026-01-03 13:54:32,781{GMT}	INFO	[jepsen worker 4] jepsen.util: 46	:invoke	:write	[1 4]
2026-01-03 13:54:32,784{GMT}	INFO	[jepsen worker 5] jepsen.util: 41	:info	:cas	[1 [2 1]]	:net-timeout
2026-01-03 13:54:32,785{GMT}	INFO	[jepsen worker 2] jepsen.util: 2	:fail	:read	[1 nil]	:net-timeout
2026-01-03 13:54:32,785{GMT}	INFO	[jepsen worker 5] jepsen.util: 47	:invoke	:cas	[1 [0 2]]
2026-01-03 13:54:32,786{GMT}	INFO	[jepsen worker 2] jepsen.util: 2	:invoke	:read	[1 nil]
2026-01-03 13:54:33,778{GMT}	INFO	[jepsen worker 0] jepsen.util: 0	:fail	:read	[1 nil]	:net-timeout
2026-01-03 13:54:33,778{GMT}	INFO	[jepsen worker 1] jepsen.util: 1	:fail	:read	[1 nil]	:net-timeout
2026-01-03 13:54:33,779{GMT}	INFO	[jepsen worker 0] jepsen.util: 0	:invoke	:read	[1 nil]
2026-01-03 13:54:33,780{GMT}	INFO	[jepsen worker 1] jepsen.util: 1	:invoke	:read	[1 nil]
2026-01-03 13:54:33,781{GMT}	INFO	[jepsen worker 4] jepsen.util: 46	:info	:write	[1 4]	:net-timeout
2026-01-03 13:54:33,780{GMT}	INFO	[jepsen worker 3] jepsen.util: 45	:info	:cas	[1 [4 3]]	:net-timeout
2026-01-03 13:54:33,781{GMT}	INFO	[jepsen worker 3] jepsen.util: 51	:invoke	:cas	[1 [2 0]]
2026-01-03 13:54:33,782{GMT}	INFO	[jepsen worker 4] jepsen.util: 52	:invoke	:cas	[1 [4 0]]
2026-01-03 13:54:33,786{GMT}	INFO	[jepsen worker 5] jepsen.util: 47	:info	:cas	[1 [0 2]]	:net-timeout
2026-01-03 13:54:33,786{GMT}	INFO	[jepsen worker 2] jepsen.util: 2	:fail	:read	[1 nil]	:net-timeout
2026-01-03 13:54:33,787{GMT}	INFO	[jepsen worker 5] jepsen.util: 53	:invoke	:cas	[1 [4 1]]
2026-01-03 13:54:33,788{GMT}	INFO	[jepsen worker 2] jepsen.util: 2	:invoke	:read	[1 nil]
2026-01-03 13:54:34,780{GMT}	INFO	[jepsen worker 0] jepsen.util: 0	:fail	:read	[1 nil]	:net-timeout
2026-01-03 13:54:34,781{GMT}	INFO	[jepsen worker 1] jepsen.util: 1	:fail	:read	[1 nil]	:net-timeout
2026-01-03 13:54:34,781{GMT}	INFO	[jepsen worker 3] jepsen.util: 51	:info	:cas	[1 [2 0]]	:net-timeout
2026-01-03 13:54:34,781{GMT}	INFO	[jepsen worker 0] jepsen.util: 0	:invoke	:read	[1 nil]
2026-01-03 13:54:34,782{GMT}	INFO	[jepsen worker 1] jepsen.util: 1	:invoke	:read	[1 nil]
2026-01-03 13:54:34,783{GMT}	INFO	[jepsen worker 4] jepsen.util: 52	:info	:cas	[1 [4 0]]	:net-timeout
2026-01-03 13:54:34,783{GMT}	INFO	[jepsen worker 3] jepsen.util: 57	:invoke	:cas	[1 [2 0]]
2026-01-03 13:54:34,784{GMT}	INFO	[jepsen worker 4] jepsen.util: 58	:invoke	:cas	[1 [2 2]]
2026-01-03 13:54:34,788{GMT}	INFO	[jepsen worker 5] jepsen.util: 53	:info	:cas	[1 [4 1]]	:net-timeout
2026-01-03 13:54:34,788{GMT}	INFO	[jepsen worker 2] jepsen.util: 2	:fail	:read	[1 nil]	:net-timeout
2026-01-03 13:54:34,789{GMT}	INFO	[jepsen worker 2] jepsen.util: 2	:invoke	:read	[1 nil]
2026-01-03 13:54:34,790{GMT}	INFO	[jepsen worker 5] jepsen.util: 59	:invoke	:cas	[1 [4 3]]
2026-01-03 13:54:35,782{GMT}	INFO	[jepsen worker 0] jepsen.util: 0	:fail	:read	[1 nil]	:net-timeout
2026-01-03 13:54:35,783{GMT}	INFO	[jepsen worker 0] jepsen.util: 0	:invoke	:read	[1 nil]
2026-01-03 13:54:35,783{GMT}	INFO	[jepsen worker 1] jepsen.util: 1	:fail	:read	[1 nil]	:net-timeout
2026-01-03 13:54:35,783{GMT}	INFO	[jepsen worker 3] jepsen.util: 57	:info	:cas	[1 [2 0]]	:net-timeout
2026-01-03 13:54:35,784{GMT}	INFO	[jepsen worker 4] jepsen.util: 58	:info	:cas	[1 [2 2]]	:net-timeout
2026-01-03 13:54:35,784{GMT}	INFO	[jepsen worker 3] jepsen.util: 63	:invoke	:cas	[1 [2 1]]
2026-01-03 13:54:35,785{GMT}	INFO	[jepsen worker 1] jepsen.util: 1	:invoke	:read	[1 nil]
2026-01-03 13:54:35,787{GMT}	INFO	[jepsen worker 4] jepsen.util: 64	:invoke	:cas	[1 [4 2]]
2026-01-03 13:54:35,790{GMT}	INFO	[jepsen worker 2] jepsen.util: 2	:fail	:read	[1 nil]	:net-timeout
2026-01-03 13:54:35,790{GMT}	INFO	[jepsen worker 5] jepsen.util: 59	:info	:cas	[1 [4 3]]	:net-timeout
2026-01-03 13:54:35,792{GMT}	INFO	[jepsen worker 2] jepsen.util: 2	:invoke	:read	[2 nil]
2026-01-03 13:54:35,793{GMT}	INFO	[jepsen worker 5] jepsen.util: 65	:invoke	:cas	[2 [4 0]]
2026-01-03 13:54:36,783{GMT}	INFO	[jepsen worker 0] jepsen.util: 0	:fail	:read	[1 nil]	:net-timeout
2026-01-03 13:54:36,784{GMT}	INFO	[jepsen worker 3] jepsen.util: 63	:info	:cas	[1 [2 1]]	:net-timeout
2026-01-03 13:54:36,785{GMT}	INFO	[jepsen worker 0] jepsen.util: 0	:invoke	:read	[2 nil]
2026-01-03 13:54:36,785{GMT}	INFO	[jepsen worker 1] jepsen.util: 1	:fail	:read	[1 nil]	:net-timeout
2026-01-03 13:54:36,786{GMT}	INFO	[jepsen worker 1] jepsen.util: 1	:invoke	:read	[2 nil]
2026-01-03 13:54:36,787{GMT}	INFO	[jepsen worker 4] jepsen.util: 64	:info	:cas	[1 [4 2]]	:net-timeout
2026-01-03 13:54:36,788{GMT}	INFO	[jepsen worker 3] jepsen.util: 69	:invoke	:cas	[2 [3 2]]
2026-01-03 13:54:36,789{GMT}	INFO	[jepsen worker 4] jepsen.util: 70	:invoke	:cas	[2 [0 3]]
2026-01-03 13:54:36,792{GMT}	INFO	[jepsen worker 2] jepsen.util: 2	:fail	:read	[2 nil]	:net-timeout
2026-01-03 13:54:36,793{GMT}	INFO	[jepsen worker 2] jepsen.util: 2	:invoke	:read	[2 nil]
2026-01-03 13:54:36,793{GMT}	INFO	[jepsen worker 5] jepsen.util: 65	:info	:cas	[2 [4 0]]	:net-timeout
2026-01-03 13:54:36,794{GMT}	INFO	[jepsen worker 5] jepsen.util: 71	:invoke	:cas	[2 [3 3]]
2026-01-03 13:54:37,448{GMT}	INFO	[jepsen worker nemesis] jepsen.util: :nemesis	:info	:stop-partition	nil
2026-01-03 13:54:37,448{GMT}	INFO	[jepsen worker nemesis] jepsen.util: :nemesis	:info	:stop-partition	:network-healed
2026-01-03 13:54:37,785{GMT}	INFO	[jepsen worker 0] jepsen.util: 0	:fail	:read	[2 nil]	:net-timeout
2026-01-03 13:54:37,786{GMT}	INFO	[jepsen worker 1] jepsen.util: 1	:fail	:read	[2 nil]	:net-timeout
2026-01-03 13:54:37,786{GMT}	INFO	[jepsen worker 0] jepsen.util: 0	:invoke	:read	[2 nil]
2026-01-03 13:54:37,787{GMT}	INFO	[jepsen worker 1] jepsen.util: 1	:invoke	:read	[2 nil]
2026-01-03 13:54:37,788{GMT}	INFO	[jepsen worker 3] jepsen.util: 69	:info	:cas	[2 [3 2]]	:net-timeout
2026-01-03 13:54:37,789{GMT}	INFO	[jepsen worker 3] jepsen.util: 75	:invoke	:cas	[2 [4 2]]
2026-01-03 13:54:37,790{GMT}	INFO	[jepsen worker 4] jepsen.util: 70	:info	:cas	[2 [0 3]]	:net-timeout
2026-01-03 13:54:37,790{GMT}	INFO	[jepsen worker 4] jepsen.util: 76	:invoke	:cas	[2 [3 3]]
2026-01-03 13:54:37,794{GMT}	INFO	[jepsen worker 2] jepsen.util: 2	:fail	:read	[2 nil]	:net-timeout
2026-01-03 13:54:37,794{GMT}	INFO	[jepsen worker 5] jepsen.util: 71	:info	:cas	[2 [3 3]]	:net-timeout
2026-01-03 13:54:37,795{GMT}	INFO	[jepsen worker 2] jepsen.util: 2	:invoke	:read	[2 nil]
2026-01-03 13:54:37,796{GMT}	INFO	[jepsen worker 5] jepsen.util: 77	:invoke	:cas	[2 [4 1]]
2026-01-03 13:54:38,787{GMT}	INFO	[jepsen worker 1] jepsen.util: 1	:fail	:read	[2 nil]	:net-timeout
2026-01-03 13:54:38,787{GMT}	INFO	[jepsen worker 0] jepsen.util: 0	:fail	:read	[2 nil]	:net-timeout
2026-01-03 13:54:38,788{GMT}	INFO	[jepsen worker 0] jepsen.util: 0	:invoke	:read	[2 nil]
2026-01-03 13:54:38,789{GMT}	INFO	[jepsen worker 3] jepsen.util: 75	:info	:cas	[2 [4 2]]	:net-timeout
2026-01-03 13:54:38,789{GMT}	INFO	[jepsen worker 1] jepsen.util: 1	:invoke	:read	[2 nil]
2026-01-03 13:54:38,791{GMT}	INFO	[jepsen worker 4] jepsen.util: 76	:info	:cas	[2 [3 3]]	:net-timeout
2026-01-03 13:54:38,792{GMT}	INFO	[jepsen worker 3] jepsen.util: 81	:invoke	:cas	[2 [2 0]]
2026-01-03 13:54:38,792{GMT}	INFO	[jepsen worker 4] jepsen.util: 82	:invoke	:write	[2 2]
2026-01-03 13:54:38,796{GMT}	INFO	[jepsen worker 5] jepsen.util: 77	:info	:cas	[2 [4 1]]	:net-timeout
2026-01-03 13:54:38,796{GMT}	INFO	[jepsen worker 2] jepsen.util: 2	:fail	:read	[2 nil]	:net-timeout
2026-01-03 13:54:38,797{GMT}	INFO	[jepsen worker 5] jepsen.util: 83	:invoke	:write	[2 0]
2026-01-03 13:54:38,798{GMT}	INFO	[jepsen worker 2] jepsen.util: 2	:invoke	:read	[2 nil]
2026-01-03 13:54:39,789{GMT}	INFO	[jepsen worker 0] jepsen.util: 0	:fail	:read	[2 nil]	:net-timeout
2026-01-03 13:54:39,789{GMT}	INFO	[jepsen worker 1] jepsen.util: 1	:fail	:read	[2 nil]	:net-timeout
2026-01-03 13:54:39,790{GMT}	INFO	[jepsen worker 0] jepsen.util: 0	:invoke	:read	[2 nil]
2026-01-03 13:54:39,792{GMT}	INFO	[jepsen worker 1] jepsen.util: 1	:invoke	:read	[2 nil]
2026-01-03 13:54:39,792{GMT}	INFO	[jepsen worker 4] jepsen.util: 82	:info	:write	[2 2]	:net-timeout
2026-01-03 13:54:39,792{GMT}	INFO	[jepsen worker 3] jepsen.util: 81	:info	:cas	[2 [2 0]]	:net-timeout
2026-01-03 13:54:39,793{GMT}	INFO	[jepsen worker 4] jepsen.util: 88	:invoke	:write	[2 1]
2026-01-03 13:54:39,794{GMT}	INFO	[jepsen worker 3] jepsen.util: 87	:invoke	:cas	[2 [2 3]]
2026-01-03 13:54:39,797{GMT}	INFO	[jepsen worker 5] jepsen.util: 83	:info	:write	[2 0]	:net-timeout
2026-01-03 13:54:39,799{GMT}	INFO	[jepsen worker 5] jepsen.util: 89	:invoke	:write	[2 0]
2026-01-03 13:54:39,799{GMT}	INFO	[jepsen worker 2] jepsen.util: 2	:fail	:read	[2 nil]	:net-timeout
2026-01-03 13:54:39,799{GMT}	INFO	[jepsen worker 2] jepsen.util: 2	:invoke	:read	[2 nil]
2026-01-03 13:54:40,791{GMT}	INFO	[jepsen worker 0] jepsen.util: 0	:fail	:read	[2 nil]	:net-timeout
2026-01-03 13:54:40,792{GMT}	INFO	[jepsen worker 0] jepsen.util: 0	:invoke	:read	[2 nil]
2026-01-03 13:54:40,792{GMT}	INFO	[jepsen worker 1] jepsen.util: 1	:fail	:read	[2 nil]	:net-timeout
2026-01-03 13:54:40,793{GMT}	INFO	[jepsen worker 4] jepsen.util: 88	:info	:write	[2 1]	:net-timeout
2026-01-03 13:54:40,793{GMT}	INFO	[jepsen worker 1] jepsen.util: 1	:invoke	:read	[2 nil]
2026-01-03 13:54:40,795{GMT}	INFO	[jepsen worker 4] jepsen.util: 94	:invoke	:write	[2 0]
2026-01-03 13:54:40,795{GMT}	INFO	[jepsen worker 3] jepsen.util: 87	:info	:cas	[2 [2 3]]	:net-timeout
2026-01-03 13:54:40,797{GMT}	INFO	[jepsen worker 3] jepsen.util: 93	:invoke	:write	[2 1]
2026-01-03 13:54:40,799{GMT}	INFO	[jepsen worker 5] jepsen.util: 89	:info	:write	[2 0]	:net-timeout
2026-01-03 13:54:40,799{GMT}	INFO	[jepsen worker 2] jepsen.util: 2	:fail	:read	[2 nil]	:net-timeout
2026-01-03 13:54:40,800{GMT}	INFO	[jepsen worker 5] jepsen.util: 95	:invoke	:write	[3 2]
2026-01-03 13:54:40,801{GMT}	INFO	[jepsen worker 2] jepsen.util: 2	:invoke	:read	[3 nil]
2026-01-03 13:54:41,793{GMT}	INFO	[jepsen worker 0] jepsen.util: 0	:fail	:read	[2 nil]	:net-timeout
2026-01-03 13:54:41,793{GMT}	INFO	[jepsen worker 1] jepsen.util: 1	:fail	:read	[2 nil]	:net-timeout
2026-01-03 13:54:41,794{GMT}	INFO	[jepsen worker 0] jepsen.util: 0	:invoke	:read	[3 nil]
2026-01-03 13:54:41,794{GMT}	INFO	[jepsen worker 1] jepsen.util: 1	:invoke	:read	[3 nil]
2026-01-03 13:54:41,795{GMT}	INFO	[jepsen worker 4] jepsen.util: 94	:info	:write	[2 0]	:net-timeout
2026-01-03 13:54:41,796{GMT}	INFO	[jepsen worker 4] jepsen.util: 100	:invoke	:cas	[3 [4 0]]
2026-01-03 13:54:41,798{GMT}	INFO	[jepsen worker 3] jepsen.util: 93	:info	:write	[2 1]	:net-timeout
2026-01-03 13:54:41,799{GMT}	INFO	[jepsen worker 3] jepsen.util: 99	:invoke	:cas	[3 [1 2]]
2026-01-03 13:54:41,801{GMT}	INFO	[jepsen worker 2] jepsen.util: 2	:fail	:read	[3 nil]	:net-timeout
2026-01-03 13:54:41,801{GMT}	INFO	[jepsen worker 5] jepsen.util: 95	:info	:write	[3 2]	:net-timeout
2026-01-03 13:54:41,803{GMT}	INFO	[jepsen worker 5] jepsen.util: 101	:invoke	:write	[3 0]
2026-01-03 13:54:41,804{GMT}	INFO	[jepsen worker 2] jepsen.util: 2	:invoke	:read	[3 nil]
2026-01-03 13:54:42,794{GMT}	INFO	[jepsen worker 1] jepsen.util: 1	:fail	:read	[3 nil]	:net-timeout
2026-01-03 13:54:42,794{GMT}	INFO	[jepsen worker 0] jepsen.util: 0	:fail	:read	[3 nil]	:net-timeout
2026-01-03 13:54:42,796{GMT}	INFO	[jepsen worker 0] jepsen.util: 0	:invoke	:read	[3 nil]
2026-01-03 13:54:42,796{GMT}	INFO	[jepsen worker 4] jepsen.util: 100	:info	:cas	[3 [4 0]]	:net-timeout
2026-01-03 13:54:42,797{GMT}	INFO	[jepsen worker 4] jepsen.util: 106	:invoke	:cas	[3 [4 4]]
2026-01-03 13:54:42,797{GMT}	INFO	[jepsen worker 1] jepsen.util: 1	:invoke	:read	[3 nil]
2026-01-03 13:54:42,799{GMT}	INFO	[jepsen worker 3] jepsen.util: 99	:info	:cas	[3 [1 2]]	:net-timeout
2026-01-03 13:54:42,800{GMT}	INFO	[jepsen worker 3] jepsen.util: 105	:invoke	:cas	[3 [0 4]]
2026-01-03 13:54:42,803{GMT}	INFO	[jepsen worker 5] jepsen.util: 101	:info	:write	[3 0]	:net-timeout
2026-01-03 13:54:42,804{GMT}	INFO	[jepsen worker 5] jepsen.util: 107	:invoke	:cas	[3 [0 0]]
2026-01-03 13:54:42,805{GMT}	INFO	[jepsen worker 2] jepsen.util: 2	:fail	:read	[3 nil]	:net-timeout
2026-01-03 13:54:42,805{GMT}	INFO	[jepsen worker 2] jepsen.util: 2	:invoke	:read	[3 nil]
2026-01-03 13:54:43,796{GMT}	INFO	[jepsen worker 0] jepsen.util: 0	:fail	:read	[3 nil]	:net-timeout
2026-01-03 13:54:43,797{GMT}	INFO	[jepsen worker 4] jepsen.util: 106	:info	:cas	[3 [4 4]]	:net-timeout
2026-01-03 13:54:43,797{GMT}	INFO	[jepsen worker 0] jepsen.util: 0	:invoke	:read	[3 nil]
2026-01-03 13:54:43,797{GMT}	INFO	[jepsen worker 1] jepsen.util: 1	:fail	:read	[3 nil]	:net-timeout
2026-01-03 13:54:43,801{GMT}	INFO	[jepsen worker 3] jepsen.util: 105	:info	:cas	[3 [0 4]]	:net-timeout
2026-01-03 13:54:43,805{GMT}	INFO	[jepsen worker 5] jepsen.util: 107	:info	:cas	[3 [0 0]]	:net-timeout
2026-01-03 13:54:43,805{GMT}	INFO	[jepsen worker 2] jepsen.util: 2	:fail	:read	[3 nil]	:net-timeout
2026-01-03 13:54:43,823{GMT}	INFO	[jepsen worker 1] jepsen.util: 1	:invoke	:read	[3 nil]
2026-01-03 13:54:43,823{GMT}	INFO	[jepsen worker 5] jepsen.util: 113	:invoke	:cas	[3 [4 0]]
2026-01-03 13:54:43,823{GMT}	INFO	[jepsen worker 3] jepsen.util: 111	:invoke	:cas	[3 [4 2]]
2026-01-03 13:54:43,823{GMT}	INFO	[jepsen worker 2] jepsen.util: 2	:invoke	:read	[3 nil]
2026-01-03 13:54:43,823{GMT}	INFO	[jepsen worker 4] jepsen.util: 112	:invoke	:cas	[3 [2 4]]
2026-01-03 13:54:44,823{GMT}	INFO	[jepsen worker 2] jepsen.util: 2	:fail	:read	[3 nil]	:net-timeout
2026-01-03 13:54:44,823{GMT}	INFO	[jepsen worker 4] jepsen.util: 112	:info	:cas	[3 [2 4]]	:net-timeout
2026-01-03 13:54:44,823{GMT}	INFO	[jepsen worker 5] jepsen.util: 113	:info	:cas	[3 [4 0]]	:net-timeout
2026-01-03 13:54:44,823{GMT}	INFO	[jepsen worker 3] jepsen.util: 111	:info	:cas	[3 [4 2]]	:net-timeout
2026-01-03 13:54:44,823{GMT}	INFO	[jepsen worker 1] jepsen.util: 1	:fail	:read	[3 nil]	:net-timeout
2026-01-03 13:54:44,823{GMT}	INFO	[jepsen worker 0] jepsen.util: 0	:fail	:read	[3 nil]	:net-timeout
2026-01-03 13:54:44,825{GMT}	INFO	[jepsen worker 4] jepsen.util: 118	:invoke	:write	[3 3]
2026-01-03 13:54:44,828{GMT}	INFO	[jepsen worker 0] jepsen.util: 0	:invoke	:read	[3 nil]
2026-01-03 13:54:44,829{GMT}	INFO	[jepsen worker 1] jepsen.util: 1	:invoke	:read	[3 nil]
2026-01-03 13:54:44,832{GMT}	INFO	[jepsen worker 3] jepsen.util: 117	:invoke	:cas	[3 [3 4]]
2026-01-03 13:54:44,832{GMT}	INFO	[jepsen worker 2] jepsen.util: 2	:invoke	:read	[3 nil]
2026-01-03 13:54:44,834{GMT}	INFO	[jepsen worker 5] jepsen.util: 119	:invoke	:cas	[3 [4 4]]
2026-01-03 13:54:45,826{GMT}	INFO	[jepsen worker 4] jepsen.util: 118	:info	:write	[3 3]	:net-timeout
2026-01-03 13:54:45,827{GMT}	INFO	[jepsen worker 4] jepsen.util: 124	:invoke	:cas	[3 [3 3]]
2026-01-03 13:54:45,829{GMT}	INFO	[jepsen worker 0] jepsen.util: 0	:fail	:read	[3 nil]	:net-timeout
2026-01-03 13:54:45,829{GMT}	INFO	[jepsen worker 1] jepsen.util: 1	:fail	:read	[3 nil]	:net-timeout
2026-01-03 13:54:45,830{GMT}	INFO	[jepsen worker 0] jepsen.util: 0	:invoke	:read	[3 nil]
2026-01-03 13:54:45,833{GMT}	INFO	[jepsen worker 3] jepsen.util: 117	:info	:cas	[3 [3 4]]	:net-timeout
2026-01-03 13:54:45,833{GMT}	INFO	[jepsen worker 2] jepsen.util: 2	:fail	:read	[3 nil]	:net-timeout
2026-01-03 13:54:45,833{GMT}	INFO	[jepsen worker 1] jepsen.util: 1	:invoke	:read	[3 nil]
2026-01-03 13:54:45,834{GMT}	INFO	[jepsen worker 3] jepsen.util: 123	:invoke	:cas	[3 [1 3]]
2026-01-03 13:54:45,834{GMT}	INFO	[jepsen worker 2] jepsen.util: 2	:invoke	:read	[3 nil]
2026-01-03 13:54:45,835{GMT}	INFO	[jepsen worker 5] jepsen.util: 119	:info	:cas	[3 [4 4]]	:net-timeout
2026-01-03 13:54:45,838{GMT}	INFO	[jepsen worker 5] jepsen.util: 125	:invoke	:write	[4 3]
2026-01-03 13:54:46,827{GMT}	INFO	[jepsen worker 4] jepsen.util: 124	:info	:cas	[3 [3 3]]	:net-timeout
2026-01-03 13:54:46,829{GMT}	INFO	[jepsen worker 4] jepsen.util: 130	:invoke	:write	[4 1]
2026-01-03 13:54:46,833{GMT}	INFO	[jepsen worker 0] jepsen.util: 0	:fail	:read	[3 nil]	:net-timeout
2026-01-03 13:54:46,833{GMT}	INFO	[jepsen worker 1] jepsen.util: 1	:fail	:read	[3 nil]	:net-timeout
2026-01-03 13:54:46,834{GMT}	INFO	[jepsen worker 3] jepsen.util: 123	:info	:cas	[3 [1 3]]	:net-timeout
2026-01-03 13:54:46,834{GMT}	INFO	[jepsen worker 2] jepsen.util: 2	:fail	:read	[3 nil]	:net-timeout
2026-01-03 13:54:46,836{GMT}	INFO	[jepsen worker 3] jepsen.util: 129	:invoke	:write	[4 2]
2026-01-03 13:54:46,837{GMT}	INFO	[jepsen worker 0] jepsen.util: 0	:invoke	:read	[4 nil]
2026-01-03 13:54:46,838{GMT}	INFO	[jepsen worker 1] jepsen.util: 1	:invoke	:read	[4 nil]
2026-01-03 13:54:46,838{GMT}	INFO	[jepsen worker 5] jepsen.util: 125	:info	:write	[4 3]	:net-timeout
2026-01-03 13:54:46,840{GMT}	INFO	[jepsen worker 5] jepsen.util: 131	:invoke	:cas	[4 [3 1]]
2026-01-03 13:54:46,842{GMT}	INFO	[jepsen worker 2] jepsen.util: 2	:invoke	:read	[4 nil]
2026-01-03 13:54:47,829{GMT}	INFO	[jepsen worker 4] jepsen.util: 130	:info	:write	[4 1]	:net-timeout
2026-01-03 13:54:47,831{GMT}	INFO	[jepsen worker 4] jepsen.util: 136	:invoke	:write	[4 0]
2026-01-03 13:54:47,836{GMT}	INFO	[jepsen worker 3] jepsen.util: 129	:info	:write	[4 2]	:net-timeout
2026-01-03 13:54:47,837{GMT}	INFO	[jepsen worker 0] jepsen.util: 0	:fail	:read	[4 nil]	:net-timeout
2026-01-03 13:54:47,838{GMT}	INFO	[jepsen worker 3] jepsen.util: 135	:invoke	:cas	[4 [2 2]]
2026-01-03 13:54:47,838{GMT}	INFO	[jepsen worker 1] jepsen.util: 1	:fail	:read	[4 nil]	:net-timeout
2026-01-03 13:54:47,839{GMT}	INFO	[jepsen worker 0] jepsen.util: 0	:invoke	:read	[4 nil]
2026-01-03 13:54:47,840{GMT}	INFO	[jepsen worker 5] jepsen.util: 131	:info	:cas	[4 [3 1]]	:net-timeout
2026-01-03 13:54:47,841{GMT}	INFO	[jepsen worker 1] jepsen.util: 1	:invoke	:read	[4 nil]
2026-01-03 13:54:47,843{GMT}	INFO	[jepsen worker 5] jepsen.util: 137	:invoke	:cas	[4 [4 0]]
2026-01-03 13:54:47,843{GMT}	INFO	[jepsen worker 2] jepsen.util: 2	:fail	:read	[4 nil]	:net-timeout
2026-01-03 13:54:47,844{GMT}	INFO	[jepsen worker 2] jepsen.util: 2	:invoke	:read	[4 nil]
2026-01-03 13:54:48,831{GMT}	INFO	[jepsen worker 4] jepsen.util: 136	:info	:write	[4 0]	:net-timeout
2026-01-03 13:54:48,833{GMT}	INFO	[jepsen worker 4] jepsen.util: 142	:invoke	:write	[4 0]
2026-01-03 13:54:48,839{GMT}	INFO	[jepsen worker 3] jepsen.util: 135	:info	:cas	[4 [2 2]]	:net-timeout
2026-01-03 13:54:48,840{GMT}	INFO	[jepsen worker 0] jepsen.util: 0	:fail	:read	[4 nil]	:net-timeout
2026-01-03 13:54:48,841{GMT}	INFO	[jepsen worker 1] jepsen.util: 1	:fail	:read	[4 nil]	:net-timeout
2026-01-03 13:54:48,843{GMT}	INFO	[jepsen worker 5] jepsen.util: 137	:info	:cas	[4 [4 0]]	:net-timeout
2026-01-03 13:54:48,844{GMT}	INFO	[jepsen worker 2] jepsen.util: 2	:fail	:read	[4 nil]	:net-timeout
2026-01-03 13:54:48,858{GMT}	INFO	[jepsen worker 0] jepsen.util: 0	:invoke	:read	[4 nil]
2026-01-03 13:54:48,858{GMT}	INFO	[jepsen worker 5] jepsen.util: 143	:invoke	:cas	[4 [0 0]]
2026-01-03 13:54:48,858{GMT}	INFO	[jepsen worker 2] jepsen.util: 2	:invoke	:read	[4 nil]
2026-01-03 13:54:48,858{GMT}	INFO	[jepsen worker 3] jepsen.util: 141	:invoke	:cas	[4 [0 4]]
2026-01-03 13:54:48,858{GMT}	INFO	[jepsen worker 1] jepsen.util: 1	:invoke	:read	[4 nil]
2026-01-03 13:54:49,859{GMT}	INFO	[jepsen worker 3] jepsen.util: 141	:info	:cas	[4 [0 4]]	:net-timeout
2026-01-03 13:54:49,859{GMT}	INFO	[jepsen worker 4] jepsen.util: 142	:info	:write	[4 0]	:net-timeout
2026-01-03 13:54:49,859{GMT}	INFO	[jepsen worker 0] jepsen.util: 0	:fail	:read	[4 nil]	:net-timeout
2026-01-03 13:54:49,859{GMT}	INFO	[jepsen worker 1] jepsen.util: 1	:fail	:read	[4 nil]	:net-timeout
2026-01-03 13:54:49,859{GMT}	INFO	[jepsen worker 5] jepsen.util: 143	:info	:cas	[4 [0 0]]	:net-timeout
2026-01-03 13:54:49,859{GMT}	INFO	[jepsen worker 2] jepsen.util: 2	:fail	:read	[4 nil]	:net-timeout
2026-01-03 13:54:49,860{GMT}	INFO	[jepsen worker 0] jepsen.util: 0	:invoke	:read	[4 nil]
2026-01-03 13:54:49,861{GMT}	INFO	[jepsen worker 1] jepsen.util: 1	:invoke	:read	[4 nil]
2026-01-03 13:54:49,863{GMT}	INFO	[jepsen worker 3] jepsen.util: 147	:invoke	:cas	[4 [2 3]]
2026-01-03 13:54:49,863{GMT}	INFO	[jepsen worker 2] jepsen.util: 2	:invoke	:read	[4 nil]
2026-01-03 13:54:49,866{GMT}	INFO	[jepsen worker 4] jepsen.util: 148	:invoke	:cas	[4 [4 3]]
2026-01-03 13:54:49,867{GMT}	INFO	[jepsen worker 5] jepsen.util: 149	:invoke	:cas	[4 [2 4]]
2026-01-03 13:54:50,861{GMT}	INFO	[jepsen worker 1] jepsen.util: 1	:fail	:read	[4 nil]	:net-timeout
2026-01-03 13:54:50,861{GMT}	INFO	[jepsen worker 0] jepsen.util: 0	:fail	:read	[4 nil]	:net-timeout
2026-01-03 13:54:50,862{GMT}	INFO	[jepsen worker 0] jepsen.util: 0	:invoke	:read	[4 nil]
2026-01-03 13:54:50,862{GMT}	INFO	[jepsen worker 1] jepsen.util: 1	:invoke	:read	[4 nil]
2026-01-03 13:54:50,863{GMT}	INFO	[jepsen worker 2] jepsen.util: 2	:fail	:read	[4 nil]	:net-timeout
2026-01-03 13:54:50,863{GMT}	INFO	[jepsen worker 3] jepsen.util: 147	:info	:cas	[4 [2 3]]	:net-timeout
2026-01-03 13:54:50,864{GMT}	INFO	[jepsen worker 2] jepsen.util: 2	:invoke	:read	[4 nil]
2026-01-03 13:54:50,865{GMT}	INFO	[jepsen worker 3] jepsen.util: 153	:invoke	:cas	[4 [0 0]]
2026-01-03 13:54:50,866{GMT}	INFO	[jepsen worker 4] jepsen.util: 148	:info	:cas	[4 [4 3]]	:net-timeout
2026-01-03 13:54:50,867{GMT}	INFO	[jepsen worker 4] jepsen.util: 154	:invoke	:write	[4 4]
2026-01-03 13:54:50,867{GMT}	INFO	[jepsen worker 5] jepsen.util: 149	:info	:cas	[4 [2 4]]	:net-timeout
2026-01-03 13:54:50,870{GMT}	INFO	[jepsen worker 5] jepsen.util: 155	:invoke	:write	[5 2]
2026-01-03 13:54:51,862{GMT}	INFO	[jepsen worker 1] jepsen.util: 1	:fail	:read	[4 nil]	:net-timeout
2026-01-03 13:54:51,862{GMT}	INFO	[jepsen worker 0] jepsen.util: 0	:fail	:read	[4 nil]	:net-timeout
2026-01-03 13:54:51,863{GMT}	INFO	[jepsen worker 0] jepsen.util: 0	:invoke	:read	[5 nil]
2026-01-03 13:54:51,865{GMT}	INFO	[jepsen worker 2] jepsen.util: 2	:fail	:read	[4 nil]	:net-timeout
2026-01-03 13:54:51,865{GMT}	INFO	[jepsen worker 1] jepsen.util: 1	:invoke	:read	[5 nil]
2026-01-03 13:54:51,865{GMT}	INFO	[jepsen worker 3] jepsen.util: 153	:info	:cas	[4 [0 0]]	:net-timeout
2026-01-03 13:54:51,866{GMT}	INFO	[jepsen worker 3] jepsen.util: 159	:invoke	:write	[5 0]
2026-01-03 13:54:51,867{GMT}	INFO	[jepsen worker 4] jepsen.util: 154	:info	:write	[4 4]	:net-timeout
2026-01-03 13:54:51,867{GMT}	INFO	[jepsen worker 2] jepsen.util: 2	:invoke	:read	[5 nil]
2026-01-03 13:54:51,868{GMT}	INFO	[jepsen worker 4] jepsen.util: 160	:invoke	:write	[5 3]
2026-01-03 13:54:51,870{GMT}	INFO	[jepsen worker 5] jepsen.util: 155	:info	:write	[5 2]	:net-timeout
2026-01-03 13:54:51,872{GMT}	INFO	[jepsen worker 5] jepsen.util: 161	:invoke	:cas	[5 [4 1]]
2026-01-03 13:54:52,864{GMT}	INFO	[jepsen worker 0] jepsen.util: 0	:fail	:read	[5 nil]	:net-timeout
2026-01-03 13:54:52,865{GMT}	INFO	[jepsen worker 1] jepsen.util: 1	:fail	:read	[5 nil]	:net-timeout
2026-01-03 13:54:52,865{GMT}	INFO	[jepsen worker 0] jepsen.util: 0	:invoke	:read	[5 nil]
2026-01-03 13:54:52,866{GMT}	INFO	[jepsen worker 3] jepsen.util: 159	:info	:write	[5 0]	:net-timeout
2026-01-03 13:54:52,867{GMT}	INFO	[jepsen worker 2] jepsen.util: 2	:fail	:read	[5 nil]	:net-timeout
2026-01-03 13:54:52,867{GMT}	INFO	[jepsen worker 3] jepsen.util: 165	:invoke	:cas	[5 [2 4]]
2026-01-03 13:54:52,868{GMT}	INFO	[jepsen worker 1] jepsen.util: 1	:invoke	:read	[5 nil]
2026-01-03 13:54:52,868{GMT}	INFO	[jepsen worker 4] jepsen.util: 160	:info	:write	[5 3]	:net-timeout
2026-01-03 13:54:52,869{GMT}	INFO	[jepsen worker 4] jepsen.util: 166	:invoke	:cas	[5 [1 2]]
2026-01-03 13:54:52,869{GMT}	INFO	[jepsen worker 2] jepsen.util: 2	:invoke	:read	[5 nil]
2026-01-03 13:54:52,872{GMT}	INFO	[jepsen worker 5] jepsen.util: 161	:info	:cas	[5 [4 1]]	:net-timeout
2026-01-03 13:54:52,873{GMT}	INFO	[jepsen worker 5] jepsen.util: 167	:invoke	:write	[5 3]
2026-01-03 13:54:53,378{GMT}	INFO	[jepsen worker nemesis] jepsen.util: :nemesis	:info	:start-partition	:majorities-ring
2026-01-03 13:54:53,382{GMT}	INFO	[jepsen worker nemesis] jepsen.util: :nemesis	:info	:start-partition	[:isolated {"n1" #{"n0"}, "n0" #{"n2"}, "n2" #{"n1"}}]
2026-01-03 13:54:53,865{GMT}	INFO	[jepsen worker 0] jepsen.util: 0	:fail	:read	[5 nil]	:net-timeout
2026-01-03 13:54:53,867{GMT}	INFO	[jepsen worker 0] jepsen.util: 0	:invoke	:read	[5 nil]
2026-01-03 13:54:53,867{GMT}	INFO	[jepsen worker 3] jepsen.util: 165	:info	:cas	[5 [2 4]]	:net-timeout
2026-01-03 13:54:53,868{GMT}	INFO	[jepsen worker 1] jepsen.util: 1	:fail	:read	[5 nil]	:net-timeout
2026-01-03 13:54:53,869{GMT}	INFO	[jepsen worker 2] jepsen.util: 2	:fail	:read	[5 nil]	:net-timeout
2026-01-03 13:54:53,869{GMT}	INFO	[jepsen worker 4] jepsen.util: 166	:info	:cas	[5 [1 2]]	:net-timeout
2026-01-03 13:54:53,874{GMT}	INFO	[jepsen worker 5] jepsen.util: 167	:info	:write	[5 3]	:net-timeout
2026-01-03 13:54:53,892{GMT}	INFO	[jepsen worker 2] jepsen.util: 2	:invoke	:read	[5 nil]
2026-01-03 13:54:53,892{GMT}	INFO	[jepsen worker 1] jepsen.util: 1	:invoke	:read	[5 nil]
2026-01-03 13:54:53,892{GMT}	INFO	[jepsen worker 3] jepsen.util: 171	:invoke	:cas	[5 [1 1]]
2026-01-03 13:54:53,892{GMT}	INFO	[jepsen worker 4] jepsen.util: 172	:invoke	:write	[5 2]
2026-01-03 13:54:53,892{GMT}	INFO	[jepsen worker 5] jepsen.util: 173	:invoke	:cas	[5 [1 1]]
2026-01-03 13:54:54,892{GMT}	INFO	[jepsen worker 0] jepsen.util: 0	:fail	:read	[5 nil]	:net-timeout
2026-01-03 13:54:54,892{GMT}	INFO	[jepsen worker 1] jepsen.util: 1	:fail	:read	[5 nil]	:net-timeout
2026-01-03 13:54:54,892{GMT}	INFO	[jepsen worker 2] jepsen.util: 2	:fail	:read	[5 nil]	:net-timeout
2026-01-03 13:54:54,892{GMT}	INFO	[jepsen worker 3] jepsen.util: 171	:info	:cas	[5 [1 1]]	:net-timeout
2026-01-03 13:54:54,892{GMT}	INFO	[jepsen worker 4] jepsen.util: 172	:info	:write	[5 2]	:net-timeout
2026-01-03 13:54:54,893{GMT}	INFO	[jepsen worker 5] jepsen.util: 173	:info	:cas	[5 [1 1]]	:net-timeout
2026-01-03 13:54:54,894{GMT}	INFO	[jepsen worker 2] jepsen.util: 2	:invoke	:read	[5 nil]
2026-01-03 13:54:54,895{GMT}	INFO	[jepsen worker 0] jepsen.util: 0	:invoke	:read	[5 nil]
2026-01-03 13:54:54,895{GMT}	INFO	[jepsen worker 1] jepsen.util: 1	:invoke	:read	[5 nil]
2026-01-03 13:54:54,897{GMT}	INFO	[jepsen worker 5] jepsen.util: 179	:invoke	:write	[5 4]
2026-01-03 13:54:54,897{GMT}	INFO	[jepsen worker 3] jepsen.util: 177	:invoke	:write	[5 2]
2026-01-03 13:54:54,900{GMT}	INFO	[jepsen worker 4] jepsen.util: 178	:invoke	:cas	[5 [3 1]]
2026-01-03 13:54:55,895{GMT}	INFO	[jepsen worker 1] jepsen.util: 1	:fail	:read	[5 nil]	:net-timeout
2026-01-03 13:54:55,895{GMT}	INFO	[jepsen worker 2] jepsen.util: 2	:fail	:read	[5 nil]	:net-timeout
2026-01-03 13:54:55,895{GMT}	INFO	[jepsen worker 0] jepsen.util: 0	:fail	:read	[5 nil]	:net-timeout
2026-01-03 13:54:55,897{GMT}	INFO	[jepsen worker 5] jepsen.util: 179	:info	:write	[5 4]	:net-timeout
2026-01-03 13:54:55,898{GMT}	INFO	[jepsen worker 3] jepsen.util: 177	:info	:write	[5 2]	:net-timeout
2026-01-03 13:54:55,900{GMT}	INFO	[jepsen worker 4] jepsen.util: 178	:info	:cas	[5 [3 1]]	:net-timeout
2026-01-03 13:54:55,923{GMT}	INFO	[jepsen test runner] jepsen.core: Run complete, writing
2026-01-03 13:54:56,015{GMT}	INFO	[jepsen node n1] maelstrom.db: Tearing down n1
2026-01-03 13:54:56,015{GMT}	INFO	[jepsen node n2] maelstrom.db: Tearing down n2
2026-01-03 13:54:56,015{GMT}	INFO	[jepsen node n0] maelstrom.db: Tearing down n0
2026-01-03 13:54:56,903{GMT}	INFO	[jepsen node n0] maelstrom.net: Shutting down Maelstrom network
2026-01-03 13:54:56,906{GMT}	WARN	[jepsen test runner] jepsen.core: Test crashed!
clojure.lang.ExceptionInfo: Node n2 crashed with exit status 1. Before crashing, it wrote to STDOUT:

{"src":"n2","dest":"c0","body":{"in_reply_to":1,"type":"init_ok"}}

And to STDERR:

2026/01/03 13:54:25 Received {c0 n2 {"type":"init","node_id":"n2","node_ids":["n0","n1","n2"],"msg_id":1}}
2026/01/03 13:54:25 Node n2 initialized
2026/01/03 13:54:25 Sent {"src":"n2","dest":"c0","body":{"in_reply_to":1,"type":"init_ok"}}
2026/01/03 13:54:25 Received {c7 n2 {"key":0,"type":"read","msg_id":1}}
2026/01/03 13:54:25 No handler for {"id":7,"src":"c7","dest":"n2","body":{"key":0,"type":"read","msg_id":1}}

Full STDERR logs are available in /home/jm/repo/fly-ds-challenge/id-gen/store/lin-kv/20260103T135424.219-0500/node-logs/n2.log
	at slingshot.support$stack_trace.invoke(support.clj:201)
	at maelstrom.process$stop_node_BANG_.invokeStatic(process.clj:239)
	at maelstrom.process$stop_node_BANG_.invoke(process.clj:217)
	at maelstrom.db$db$reify__16612.teardown_BANG_(db.clj:75)
	at jepsen.db$fn__11629$G__11610__11633.invoke(db.clj:12)
	at jepsen.db$fn__11629$G__11609__11638.invoke(db.clj:12)
	at clojure.core$partial$fn__5927.invoke(core.clj:2642)
	at jepsen.control$on_nodes$fn__9552.invoke(control.clj:319)
	at clojure.lang.AFn.applyToHelper(AFn.java:154)
	at clojure.lang.AFn.applyTo(AFn.java:144)
	at clojure.core$apply.invokeStatic(core.clj:667)
	at clojure.core$with_bindings_STAR_.invokeStatic(core.clj:1990)
	at clojure.core$with_bindings_STAR_.doInvoke(core.clj:1990)
	at clojure.lang.RestFn.applyTo(RestFn.java:145)
	at clojure.core$apply.invokeStatic(core.clj:671)
	at clojure.core$bound_fn_STAR_$fn__5837.doInvoke(core.clj:2020)
	at clojure.lang.RestFn.invoke(RestFn.java:411)
	at dom_top.core$real_pmap_helper$build_thread__730$fn__731.invoke(core.clj:163)
	at clojure.lang.AFn.applyToHelper(AFn.java:152)
	at clojure.lang.AFn.applyTo(AFn.java:144)
	at clojure.core$apply.invokeStatic(core.clj:667)
	at clojure.core$with_bindings_STAR_.invokeStatic(core.clj:1990)
	at clojure.core$with_bindings_STAR_.doInvoke(core.clj:1990)
	at clojure.lang.RestFn.invoke(RestFn.java:428)
	at clojure.lang.AFn.applyToHelper(AFn.java:156)
	at clojure.lang.RestFn.applyTo(RestFn.java:135)
	at clojure.core$apply.invokeStatic(core.clj:671)
	at clojure.core$bound_fn_STAR_$fn__5837.doInvoke(core.clj:2020)
	at clojure.lang.RestFn.invoke(RestFn.java:400)
	at clojure.lang.AFn.run(AFn.java:22)
	at java.base/java.lang.Thread.run(Thread.java:840)
