2026-01-03 13:37:28,722{GMT}	INFO	[jepsen test runner] jepsen.core: Command line:
lein run test -w echo --bin ./echo --node-count 1 --time-limit 10
2026-01-03 13:37:28,762{GMT}	INFO	[jepsen test runner] jepsen.core: Running test:
{:args []
 :remote
 #jepsen.control.retry.Remote{:remote #jepsen.control.scp.Remote{:cmd-remote #jepsen.control.sshj.SSHJRemote{:concurrency-limit 6,
                                                                                                             :conn-spec nil,
                                                                                                             :client nil,
                                                                                                             :semaphore nil},
                                                                 :conn-spec nil},
                              :conn nil}
 :log-net-send false
 :node-count 1
 :availability nil
 :max-txn-length 4
 :concurrency 1
 :db
 #object[maelstrom.db$db$reify__16612
         "0x3a1dc432"
         "maelstrom.db$db$reify__16612@3a1dc432"]
 :max-writes-per-key 16
 :leave-db-running? false
 :name "echo"
 :logging-json? false
 :start-time
 #object[org.joda.time.DateTime "0x5f04449a" "2026-01-03T13:37:28.707-05:00"]
 :nemesis-interval 10
 :net
 #object[maelstrom.net$jepsen_net$reify__15721
         "0x5634c26c"
         "maelstrom.net$jepsen_net$reify__15721@5634c26c"]
 :client
 #object[maelstrom.workload.echo$client$reify__17402
         "0x37a5ac85"
         "maelstrom.workload.echo$client$reify__17402@37a5ac85"]
 :barrier
 #object[java.util.concurrent.CyclicBarrier
         "0x5d4f0fd5"
         "java.util.concurrent.CyclicBarrier@5d4f0fd5"]
 :log-stderr false
 :pure-generators true
 :ssh {:dummy? true}
 :rate 5
 :checker
 #object[jepsen.checker$compose$reify__11089
         "0x2092b072"
         "jepsen.checker$compose$reify__11089@2092b072"]
 :argv
 ("test" "-w" "echo" "--bin" "./echo" "--node-count" "1" "--time-limit" "10")
 :nemesis
 (jepsen.nemesis.ReflCompose
  {:fm {:start-partition 0,
        :stop-partition 0,
        :kill 1,
        :start 1,
        :pause 1,
        :resume 1},
   :nemeses [#unprintable "jepsen.nemesis.combined$partition_nemesis$reify__16905@504521ae"
             #unprintable "jepsen.nemesis.combined$db_nemesis$reify__16886@4a9e6ea7"]})
 :nodes ["n0"]
 :test-count 1
 :latency {:mean 0, :dist :constant}
 :bin "./echo"
 :generator
 #object[jepsen.util.Forgettable
         "0x22aaa811"
         (jepsen.generator.TimeLimit
          {:limit 10000000000,
           :cutoff nil,
           :gen (jepsen.generator.Any
                 {:gens [(jepsen.generator.OnThreads
                          {:f #{:nemesis},
                           :context-filter #object[jepsen.generator.context$make_thread_filter$lazy_filter__12077
                                                   "0x685efb22"
                                                   "jepsen.generator.context$make_thread_filter$lazy_filter__12077@685efb22"],
                           :gen nil})
                         (jepsen.generator.OnThreads
                          {:f #jepsen.generator.context.AllBut{:element :nemesis},
                           :context-filter #object[jepsen.generator.context$make_thread_filter$lazy_filter__12077
                                                   "0x24a696c0"
                                                   "jepsen.generator.context$make_thread_filter$lazy_filter__12077@24a696c0"],
                           :gen (jepsen.generator.Stagger
                                 {:dt 400000000,
                                  :next-time nil,
                                  :gen (jepsen.generator.EachThread
                                        {:fresh-gen #object[maelstrom.workload.echo$workload$fn__17421
                                                            "0x78fb4f7f"
                                                            "maelstrom.workload.echo$workload$fn__17421@78fb4f7f"],
                                         :context-filters #object[clojure.core$promise$reify__8621
                                                                  "0x6a7c1725"
                                                                  {:status :pending,
                                                                   :val nil}],
                                         :gens {}})})})]})})]
 :log-net-recv false
 :os
 #object[maelstrom.net$jepsen_os$reify__15724
         "0x756476a3"
         "maelstrom.net$jepsen_os$reify__15724@756476a3"]
 :time-limit 10
 :workload :echo
 :consistency-models [:strict-serializable]
 :topology :grid}

2026-01-03 13:37:30,105{GMT}	INFO	[jepsen node n0] maelstrom.net: Starting Maelstrom network
2026-01-03 13:37:30,106{GMT}	INFO	[jepsen test runner] jepsen.db: Tearing down DB
2026-01-03 13:37:30,106{GMT}	INFO	[jepsen test runner] jepsen.db: Setting up DB
2026-01-03 13:37:30,108{GMT}	INFO	[jepsen node n0] maelstrom.service: Starting services: (lin-kv lin-tso lww-kv seq-kv)
2026-01-03 13:37:30,109{GMT}	INFO	[jepsen node n0] maelstrom.db: Setting up n0
2026-01-03 13:37:30,109{GMT}	INFO	[jepsen node n0] maelstrom.process: launching ./echo []
2026-01-03 13:37:30,128{GMT}	INFO	[jepsen test runner] jepsen.core: Relative time begins now
2026-01-03 13:37:30,137{GMT}	INFO	[jepsen worker 0] jepsen.util: 0	:invoke	:echo	"Please echo 103"
2026-01-03 13:37:30,142{GMT}	INFO	[jepsen worker 0] jepsen.util: 0	:ok	:echo	{:echo "Please echo 103", :in_reply_to 1, :msg_id 1, :type "echo_ok"}
2026-01-03 13:37:30,316{GMT}	INFO	[jepsen worker 0] jepsen.util: 0	:invoke	:echo	"Please echo 96"
2026-01-03 13:37:30,320{GMT}	INFO	[jepsen worker 0] jepsen.util: 0	:ok	:echo	{:echo "Please echo 96", :in_reply_to 2, :msg_id 2, :type "echo_ok"}
2026-01-03 13:37:30,349{GMT}	INFO	[jepsen worker 0] jepsen.util: 0	:invoke	:echo	"Please echo 43"
2026-01-03 13:37:30,354{GMT}	INFO	[jepsen worker 0] jepsen.util: 0	:ok	:echo	{:echo "Please echo 43", :in_reply_to 3, :msg_id 3, :type "echo_ok"}
2026-01-03 13:37:30,686{GMT}	INFO	[jepsen worker 0] jepsen.util: 0	:invoke	:echo	"Please echo 46"
2026-01-03 13:37:30,689{GMT}	INFO	[jepsen worker 0] jepsen.util: 0	:ok	:echo	{:echo "Please echo 46", :in_reply_to 4, :msg_id 4, :type "echo_ok"}
2026-01-03 13:37:30,726{GMT}	INFO	[jepsen worker 0] jepsen.util: 0	:invoke	:echo	"Please echo 23"
2026-01-03 13:37:30,730{GMT}	INFO	[jepsen worker 0] jepsen.util: 0	:ok	:echo	{:echo "Please echo 23", :in_reply_to 5, :msg_id 5, :type "echo_ok"}
2026-01-03 13:37:31,124{GMT}	INFO	[jepsen worker 0] jepsen.util: 0	:invoke	:echo	"Please echo 68"
2026-01-03 13:37:31,128{GMT}	INFO	[jepsen worker 0] jepsen.util: 0	:ok	:echo	{:echo "Please echo 68", :in_reply_to 6, :msg_id 6, :type "echo_ok"}
2026-01-03 13:37:31,465{GMT}	INFO	[jepsen worker 0] jepsen.util: 0	:invoke	:echo	"Please echo 1"
2026-01-03 13:37:31,470{GMT}	INFO	[jepsen worker 0] jepsen.util: 0	:ok	:echo	{:echo "Please echo 1", :in_reply_to 7, :msg_id 7, :type "echo_ok"}
2026-01-03 13:37:31,683{GMT}	INFO	[jepsen worker 0] jepsen.util: 0	:invoke	:echo	"Please echo 14"
2026-01-03 13:37:31,687{GMT}	INFO	[jepsen worker 0] jepsen.util: 0	:ok	:echo	{:echo "Please echo 14", :in_reply_to 8, :msg_id 8, :type "echo_ok"}
2026-01-03 13:37:31,726{GMT}	INFO	[jepsen worker 0] jepsen.util: 0	:invoke	:echo	"Please echo 109"
2026-01-03 13:37:31,731{GMT}	INFO	[jepsen worker 0] jepsen.util: 0	:ok	:echo	{:echo "Please echo 109", :in_reply_to 9, :msg_id 9, :type "echo_ok"}
2026-01-03 13:37:32,105{GMT}	INFO	[jepsen worker 0] jepsen.util: 0	:invoke	:echo	"Please echo 20"
2026-01-03 13:37:32,109{GMT}	INFO	[jepsen worker 0] jepsen.util: 0	:ok	:echo	{:echo "Please echo 20", :in_reply_to 10, :msg_id 10, :type "echo_ok"}
2026-01-03 13:37:32,206{GMT}	INFO	[jepsen worker 0] jepsen.util: 0	:invoke	:echo	"Please echo 122"
2026-01-03 13:37:32,210{GMT}	INFO	[jepsen worker 0] jepsen.util: 0	:ok	:echo	{:echo "Please echo 122", :in_reply_to 11, :msg_id 11, :type "echo_ok"}
2026-01-03 13:37:32,281{GMT}	INFO	[jepsen worker 0] jepsen.util: 0	:invoke	:echo	"Please echo 99"
2026-01-03 13:37:32,285{GMT}	INFO	[jepsen worker 0] jepsen.util: 0	:ok	:echo	{:echo "Please echo 99", :in_reply_to 12, :msg_id 12, :type "echo_ok"}
2026-01-03 13:37:32,403{GMT}	INFO	[jepsen worker 0] jepsen.util: 0	:invoke	:echo	"Please echo 30"
2026-01-03 13:37:32,406{GMT}	INFO	[jepsen worker 0] jepsen.util: 0	:ok	:echo	{:echo "Please echo 30", :in_reply_to 13, :msg_id 13, :type "echo_ok"}
2026-01-03 13:37:32,622{GMT}	INFO	[jepsen worker 0] jepsen.util: 0	:invoke	:echo	"Please echo 108"
2026-01-03 13:37:32,627{GMT}	INFO	[jepsen worker 0] jepsen.util: 0	:ok	:echo	{:echo "Please echo 108", :in_reply_to 14, :msg_id 14, :type "echo_ok"}
2026-01-03 13:37:32,868{GMT}	INFO	[jepsen worker 0] jepsen.util: 0	:invoke	:echo	"Please echo 2"
2026-01-03 13:37:32,872{GMT}	INFO	[jepsen worker 0] jepsen.util: 0	:ok	:echo	{:echo "Please echo 2", :in_reply_to 15, :msg_id 15, :type "echo_ok"}
2026-01-03 13:37:33,191{GMT}	INFO	[jepsen worker 0] jepsen.util: 0	:invoke	:echo	"Please echo 45"
2026-01-03 13:37:33,196{GMT}	INFO	[jepsen worker 0] jepsen.util: 0	:ok	:echo	{:echo "Please echo 45", :in_reply_to 16, :msg_id 16, :type "echo_ok"}
2026-01-03 13:37:33,470{GMT}	INFO	[jepsen worker 0] jepsen.util: 0	:invoke	:echo	"Please echo 58"
2026-01-03 13:37:33,473{GMT}	INFO	[jepsen worker 0] jepsen.util: 0	:ok	:echo	{:echo "Please echo 58", :in_reply_to 17, :msg_id 17, :type "echo_ok"}
2026-01-03 13:37:33,763{GMT}	INFO	[jepsen worker 0] jepsen.util: 0	:invoke	:echo	"Please echo 69"
2026-01-03 13:37:33,767{GMT}	INFO	[jepsen worker 0] jepsen.util: 0	:ok	:echo	{:echo "Please echo 69", :in_reply_to 18, :msg_id 18, :type "echo_ok"}
2026-01-03 13:37:33,874{GMT}	INFO	[jepsen worker 0] jepsen.util: 0	:invoke	:echo	"Please echo 88"
2026-01-03 13:37:33,877{GMT}	INFO	[jepsen worker 0] jepsen.util: 0	:ok	:echo	{:echo "Please echo 88", :in_reply_to 19, :msg_id 19, :type "echo_ok"}
2026-01-03 13:37:33,977{GMT}	INFO	[jepsen worker 0] jepsen.util: 0	:invoke	:echo	"Please echo 72"
2026-01-03 13:37:33,981{GMT}	INFO	[jepsen worker 0] jepsen.util: 0	:ok	:echo	{:echo "Please echo 72", :in_reply_to 20, :msg_id 20, :type "echo_ok"}
2026-01-03 13:37:34,030{GMT}	INFO	[jepsen worker 0] jepsen.util: 0	:invoke	:echo	"Please echo 107"
2026-01-03 13:37:34,034{GMT}	INFO	[jepsen worker 0] jepsen.util: 0	:ok	:echo	{:echo "Please echo 107", :in_reply_to 21, :msg_id 21, :type "echo_ok"}
2026-01-03 13:37:34,417{GMT}	INFO	[jepsen worker 0] jepsen.util: 0	:invoke	:echo	"Please echo 90"
2026-01-03 13:37:34,421{GMT}	INFO	[jepsen worker 0] jepsen.util: 0	:ok	:echo	{:echo "Please echo 90", :in_reply_to 22, :msg_id 22, :type "echo_ok"}
2026-01-03 13:37:34,688{GMT}	INFO	[jepsen worker 0] jepsen.util: 0	:invoke	:echo	"Please echo 102"
2026-01-03 13:37:34,692{GMT}	INFO	[jepsen worker 0] jepsen.util: 0	:ok	:echo	{:echo "Please echo 102", :in_reply_to 23, :msg_id 23, :type "echo_ok"}
2026-01-03 13:37:34,976{GMT}	INFO	[jepsen worker 0] jepsen.util: 0	:invoke	:echo	"Please echo 16"
2026-01-03 13:37:34,979{GMT}	INFO	[jepsen worker 0] jepsen.util: 0	:ok	:echo	{:echo "Please echo 16", :in_reply_to 24, :msg_id 24, :type "echo_ok"}
2026-01-03 13:37:35,147{GMT}	INFO	[jepsen worker 0] jepsen.util: 0	:invoke	:echo	"Please echo 114"
2026-01-03 13:37:35,151{GMT}	INFO	[jepsen worker 0] jepsen.util: 0	:ok	:echo	{:echo "Please echo 114", :in_reply_to 25, :msg_id 25, :type "echo_ok"}
2026-01-03 13:37:35,207{GMT}	INFO	[jepsen worker 0] jepsen.util: 0	:invoke	:echo	"Please echo 85"
2026-01-03 13:37:35,212{GMT}	INFO	[jepsen worker 0] jepsen.util: 0	:ok	:echo	{:echo "Please echo 85", :in_reply_to 26, :msg_id 26, :type "echo_ok"}
2026-01-03 13:37:35,394{GMT}	INFO	[jepsen worker 0] jepsen.util: 0	:invoke	:echo	"Please echo 85"
2026-01-03 13:37:35,398{GMT}	INFO	[jepsen worker 0] jepsen.util: 0	:ok	:echo	{:echo "Please echo 85", :in_reply_to 27, :msg_id 27, :type "echo_ok"}
2026-01-03 13:37:35,687{GMT}	INFO	[jepsen worker 0] jepsen.util: 0	:invoke	:echo	"Please echo 10"
2026-01-03 13:37:35,691{GMT}	INFO	[jepsen worker 0] jepsen.util: 0	:ok	:echo	{:echo "Please echo 10", :in_reply_to 28, :msg_id 28, :type "echo_ok"}
2026-01-03 13:37:36,062{GMT}	INFO	[jepsen worker 0] jepsen.util: 0	:invoke	:echo	"Please echo 39"
2026-01-03 13:37:36,067{GMT}	INFO	[jepsen worker 0] jepsen.util: 0	:ok	:echo	{:echo "Please echo 39", :in_reply_to 29, :msg_id 29, :type "echo_ok"}
2026-01-03 13:37:36,314{GMT}	INFO	[jepsen worker 0] jepsen.util: 0	:invoke	:echo	"Please echo 20"
2026-01-03 13:37:36,318{GMT}	INFO	[jepsen worker 0] jepsen.util: 0	:ok	:echo	{:echo "Please echo 20", :in_reply_to 30, :msg_id 30, :type "echo_ok"}
2026-01-03 13:37:36,473{GMT}	INFO	[jepsen worker 0] jepsen.util: 0	:invoke	:echo	"Please echo 62"
2026-01-03 13:37:36,476{GMT}	INFO	[jepsen worker 0] jepsen.util: 0	:ok	:echo	{:echo "Please echo 62", :in_reply_to 31, :msg_id 31, :type "echo_ok"}
2026-01-03 13:37:36,523{GMT}	INFO	[jepsen worker 0] jepsen.util: 0	:invoke	:echo	"Please echo 2"
2026-01-03 13:37:36,528{GMT}	INFO	[jepsen worker 0] jepsen.util: 0	:ok	:echo	{:echo "Please echo 2", :in_reply_to 32, :msg_id 32, :type "echo_ok"}
2026-01-03 13:37:36,611{GMT}	INFO	[jepsen worker 0] jepsen.util: 0	:invoke	:echo	"Please echo 0"
2026-01-03 13:37:36,615{GMT}	INFO	[jepsen worker 0] jepsen.util: 0	:ok	:echo	{:echo "Please echo 0", :in_reply_to 33, :msg_id 33, :type "echo_ok"}
2026-01-03 13:37:36,960{GMT}	INFO	[jepsen worker 0] jepsen.util: 0	:invoke	:echo	"Please echo 10"
2026-01-03 13:37:36,965{GMT}	INFO	[jepsen worker 0] jepsen.util: 0	:ok	:echo	{:echo "Please echo 10", :in_reply_to 34, :msg_id 34, :type "echo_ok"}
2026-01-03 13:37:37,317{GMT}	INFO	[jepsen worker 0] jepsen.util: 0	:invoke	:echo	"Please echo 1"
2026-01-03 13:37:37,321{GMT}	INFO	[jepsen worker 0] jepsen.util: 0	:ok	:echo	{:echo "Please echo 1", :in_reply_to 35, :msg_id 35, :type "echo_ok"}
2026-01-03 13:37:37,411{GMT}	INFO	[jepsen worker 0] jepsen.util: 0	:invoke	:echo	"Please echo 56"
2026-01-03 13:37:37,414{GMT}	INFO	[jepsen worker 0] jepsen.util: 0	:ok	:echo	{:echo "Please echo 56", :in_reply_to 36, :msg_id 36, :type "echo_ok"}
2026-01-03 13:37:37,436{GMT}	INFO	[jepsen worker 0] jepsen.util: 0	:invoke	:echo	"Please echo 38"
2026-01-03 13:37:37,440{GMT}	INFO	[jepsen worker 0] jepsen.util: 0	:ok	:echo	{:echo "Please echo 38", :in_reply_to 37, :msg_id 37, :type "echo_ok"}
2026-01-03 13:37:37,526{GMT}	INFO	[jepsen worker 0] jepsen.util: 0	:invoke	:echo	"Please echo 84"
2026-01-03 13:37:37,529{GMT}	INFO	[jepsen worker 0] jepsen.util: 0	:ok	:echo	{:echo "Please echo 84", :in_reply_to 38, :msg_id 38, :type "echo_ok"}
2026-01-03 13:37:37,734{GMT}	INFO	[jepsen worker 0] jepsen.util: 0	:invoke	:echo	"Please echo 110"
2026-01-03 13:37:37,737{GMT}	INFO	[jepsen worker 0] jepsen.util: 0	:ok	:echo	{:echo "Please echo 110", :in_reply_to 39, :msg_id 39, :type "echo_ok"}
2026-01-03 13:37:37,840{GMT}	INFO	[jepsen worker 0] jepsen.util: 0	:invoke	:echo	"Please echo 48"
2026-01-03 13:37:37,843{GMT}	INFO	[jepsen worker 0] jepsen.util: 0	:ok	:echo	{:echo "Please echo 48", :in_reply_to 40, :msg_id 40, :type "echo_ok"}
2026-01-03 13:37:37,846{GMT}	INFO	[jepsen worker 0] jepsen.util: 0	:invoke	:echo	"Please echo 91"
2026-01-03 13:37:37,849{GMT}	INFO	[jepsen worker 0] jepsen.util: 0	:ok	:echo	{:echo "Please echo 91", :in_reply_to 41, :msg_id 41, :type "echo_ok"}
2026-01-03 13:37:38,190{GMT}	INFO	[jepsen worker 0] jepsen.util: 0	:invoke	:echo	"Please echo 74"
2026-01-03 13:37:38,193{GMT}	INFO	[jepsen worker 0] jepsen.util: 0	:ok	:echo	{:echo "Please echo 74", :in_reply_to 42, :msg_id 42, :type "echo_ok"}
2026-01-03 13:37:38,506{GMT}	INFO	[jepsen worker 0] jepsen.util: 0	:invoke	:echo	"Please echo 122"
2026-01-03 13:37:38,509{GMT}	INFO	[jepsen worker 0] jepsen.util: 0	:ok	:echo	{:echo "Please echo 122", :in_reply_to 43, :msg_id 43, :type "echo_ok"}
2026-01-03 13:37:38,817{GMT}	INFO	[jepsen worker 0] jepsen.util: 0	:invoke	:echo	"Please echo 20"
2026-01-03 13:37:38,821{GMT}	INFO	[jepsen worker 0] jepsen.util: 0	:ok	:echo	{:echo "Please echo 20", :in_reply_to 44, :msg_id 44, :type "echo_ok"}
2026-01-03 13:37:38,874{GMT}	INFO	[jepsen worker 0] jepsen.util: 0	:invoke	:echo	"Please echo 124"
2026-01-03 13:37:38,878{GMT}	INFO	[jepsen worker 0] jepsen.util: 0	:ok	:echo	{:echo "Please echo 124", :in_reply_to 45, :msg_id 45, :type "echo_ok"}
2026-01-03 13:37:39,209{GMT}	INFO	[jepsen worker 0] jepsen.util: 0	:invoke	:echo	"Please echo 94"
2026-01-03 13:37:39,212{GMT}	INFO	[jepsen worker 0] jepsen.util: 0	:ok	:echo	{:echo "Please echo 94", :in_reply_to 46, :msg_id 46, :type "echo_ok"}
2026-01-03 13:37:39,220{GMT}	INFO	[jepsen worker 0] jepsen.util: 0	:invoke	:echo	"Please echo 109"
2026-01-03 13:37:39,223{GMT}	INFO	[jepsen worker 0] jepsen.util: 0	:ok	:echo	{:echo "Please echo 109", :in_reply_to 47, :msg_id 47, :type "echo_ok"}
2026-01-03 13:37:39,429{GMT}	INFO	[jepsen worker 0] jepsen.util: 0	:invoke	:echo	"Please echo 118"
2026-01-03 13:37:39,432{GMT}	INFO	[jepsen worker 0] jepsen.util: 0	:ok	:echo	{:echo "Please echo 118", :in_reply_to 48, :msg_id 48, :type "echo_ok"}
2026-01-03 13:37:39,722{GMT}	INFO	[jepsen worker 0] jepsen.util: 0	:invoke	:echo	"Please echo 28"
2026-01-03 13:37:39,725{GMT}	INFO	[jepsen worker 0] jepsen.util: 0	:ok	:echo	{:echo "Please echo 28", :in_reply_to 49, :msg_id 49, :type "echo_ok"}
2026-01-03 13:37:40,079{GMT}	INFO	[jepsen worker 0] jepsen.util: 0	:invoke	:echo	"Please echo 76"
2026-01-03 13:37:40,083{GMT}	INFO	[jepsen worker 0] jepsen.util: 0	:ok	:echo	{:echo "Please echo 76", :in_reply_to 50, :msg_id 50, :type "echo_ok"}
2026-01-03 13:37:40,107{GMT}	INFO	[jepsen test runner] jepsen.core: Run complete, writing
2026-01-03 13:37:40,129{GMT}	INFO	[jepsen node n0] maelstrom.db: Tearing down n0
2026-01-03 13:37:41,115{GMT}	INFO	[jepsen node n0] maelstrom.net: Shutting down Maelstrom network
2026-01-03 13:37:41,115{GMT}	INFO	[jepsen test runner] jepsen.core: Analyzing...
2026-01-03 13:37:41,249{GMT}	INFO	[jepsen test runner] jepsen.core: Analysis complete
2026-01-03 13:37:41,256{GMT}	INFO	[jepsen results] jepsen.store: Wrote /home/jm/repo/fly-ds-challenge/echo/store/echo/20260103T133728.707-0500/results.edn
2026-01-03 13:37:41,265{GMT}	INFO	[jepsen test runner] jepsen.core: {:perf {:latency-graph {:valid? true},
        :rate-graph {:valid? true},
        :valid? true},
 :timeline {:valid? true},
 :exceptions {:valid? true},
 :stats {:valid? true,
         :count 50,
         :ok-count 50,
         :fail-count 0,
         :info-count 0,
         :by-f {:echo {:valid? true,
                       :count 50,
                       :ok-count 50,
                       :fail-count 0,
                       :info-count 0}}},
 :availability {:valid? true, :ok-fraction 1.0},
 :net {:all {:send-count 102,
             :recv-count 102,
             :msg-count 102,
             :msgs-per-op 2.04},
       :clients {:send-count 102, :recv-count 102, :msg-count 102},
       :servers {:send-count 0,
                 :recv-count 0,
                 :msg-count 0,
                 :msgs-per-op 0.0},
       :valid? true},
 :workload {:valid? true, :errors ()},
 :valid? true}


Everything looks good! ヽ(‘ー`)ノ
