2026/01/03 13:40:34 Received {c0 n0 {"type":"init","node_id":"n0","node_ids":["n0"],"msg_id":1}}
2026/01/03 13:40:34 Node n0 initialized
2026/01/03 13:40:34 Sent {"src":"n0","dest":"c0","body":{"in_reply_to":1,"type":"init_ok"}}
2026/01/03 13:40:34 Received {c2 n0 {"echo":"Please echo 55","type":"echo","msg_id":1}}
2026/01/03 13:40:34 Sent {"src":"n0","dest":"c2","body":{"echo":"Please echo 55","in_reply_to":1,"msg_id":1,"type":"echo_ok"}}
2026/01/03 13:40:34 Received {c2 n0 {"echo":"Please echo 9","type":"echo","msg_id":2}}
2026/01/03 13:40:34 Sent {"src":"n0","dest":"c2","body":{"echo":"Please echo 9","in_reply_to":2,"msg_id":2,"type":"echo_ok"}}
2026/01/03 13:40:34 Received {c2 n0 {"echo":"Please echo 50","type":"echo","msg_id":3}}
2026/01/03 13:40:34 Sent {"src":"n0","dest":"c2","body":{"echo":"Please echo 50","in_reply_to":3,"msg_id":3,"type":"echo_ok"}}
2026/01/03 13:40:34 Received {c2 n0 {"echo":"Please echo 95","type":"echo","msg_id":4}}
2026/01/03 13:40:34 Sent {"src":"n0","dest":"c2","body":{"echo":"Please echo 95","in_reply_to":4,"msg_id":4,"type":"echo_ok"}}
2026/01/03 13:40:35 Received {c2 n0 {"echo":"Please echo 25","type":"echo","msg_id":5}}
2026/01/03 13:40:35 Sent {"src":"n0","dest":"c2","body":{"echo":"Please echo 25","in_reply_to":5,"msg_id":5,"type":"echo_ok"}}
2026/01/03 13:40:35 Received {c2 n0 {"echo":"Please echo 24","type":"echo","msg_id":6}}
2026/01/03 13:40:35 Sent {"src":"n0","dest":"c2","body":{"echo":"Please echo 24","in_reply_to":6,"msg_id":6,"type":"echo_ok"}}
2026/01/03 13:40:35 Received {c2 n0 {"echo":"Please echo 101","type":"echo","msg_id":7}}
2026/01/03 13:40:35 Sent {"src":"n0","dest":"c2","body":{"echo":"Please echo 101","in_reply_to":7,"msg_id":7,"type":"echo_ok"}}
2026/01/03 13:40:35 Received {c2 n0 {"echo":"Please echo 89","type":"echo","msg_id":8}}
2026/01/03 13:40:35 Sent {"src":"n0","dest":"c2","body":{"echo":"Please echo 89","in_reply_to":8,"msg_id":8,"type":"echo_ok"}}
2026/01/03 13:40:35 Received {c2 n0 {"echo":"Please echo 28","type":"echo","msg_id":9}}
2026/01/03 13:40:35 Sent {"src":"n0","dest":"c2","body":{"echo":"Please echo 28","in_reply_to":9,"msg_id":9,"type":"echo_ok"}}
2026/01/03 13:40:36 Received {c2 n0 {"echo":"Please echo 100","type":"echo","msg_id":10}}
2026/01/03 13:40:36 Sent {"src":"n0","dest":"c2","body":{"echo":"Please echo 100","in_reply_to":10,"msg_id":10,"type":"echo_ok"}}
2026/01/03 13:40:36 Received {c2 n0 {"echo":"Please echo 118","type":"echo","msg_id":11}}
2026/01/03 13:40:36 Sent {"src":"n0","dest":"c2","body":{"echo":"Please echo 118","in_reply_to":11,"msg_id":11,"type":"echo_ok"}}
2026/01/03 13:40:36 Received {c2 n0 {"echo":"Please echo 45","type":"echo","msg_id":12}}
2026/01/03 13:40:36 Sent {"src":"n0","dest":"c2","body":{"echo":"Please echo 45","in_reply_to":12,"msg_id":12,"type":"echo_ok"}}
2026/01/03 13:40:36 Received {c2 n0 {"echo":"Please echo 123","type":"echo","msg_id":13}}
2026/01/03 13:40:36 Sent {"src":"n0","dest":"c2","body":{"echo":"Please echo 123","in_reply_to":13,"msg_id":13,"type":"echo_ok"}}
2026/01/03 13:40:36 Received {c2 n0 {"echo":"Please echo 72","type":"echo","msg_id":14}}
2026/01/03 13:40:36 Sent {"src":"n0","dest":"c2","body":{"echo":"Please echo 72","in_reply_to":14,"msg_id":14,"type":"echo_ok"}}
2026/01/03 13:40:37 Received {c2 n0 {"echo":"Please echo 25","type":"echo","msg_id":15}}
2026/01/03 13:40:37 Sent {"src":"n0","dest":"c2","body":{"echo":"Please echo 25","in_reply_to":15,"msg_id":15,"type":"echo_ok"}}
2026/01/03 13:40:37 Received {c2 n0 {"echo":"Please echo 59","type":"echo","msg_id":16}}
2026/01/03 13:40:37 Sent {"src":"n0","dest":"c2","body":{"echo":"Please echo 59","in_reply_to":16,"msg_id":16,"type":"echo_ok"}}
2026/01/03 13:40:37 Received {c2 n0 {"echo":"Please echo 15","type":"echo","msg_id":17}}
2026/01/03 13:40:37 Sent {"src":"n0","dest":"c2","body":{"echo":"Please echo 15","in_reply_to":17,"msg_id":17,"type":"echo_ok"}}
2026/01/03 13:40:37 Received {c2 n0 {"echo":"Please echo 111","type":"echo","msg_id":18}}
2026/01/03 13:40:37 Sent {"src":"n0","dest":"c2","body":{"echo":"Please echo 111","in_reply_to":18,"msg_id":18,"type":"echo_ok"}}
2026/01/03 13:40:38 Received {c2 n0 {"echo":"Please echo 37","type":"echo","msg_id":19}}
2026/01/03 13:40:38 Sent {"src":"n0","dest":"c2","body":{"echo":"Please echo 37","in_reply_to":19,"msg_id":19,"type":"echo_ok"}}
2026/01/03 13:40:38 Received {c2 n0 {"echo":"Please echo 40","type":"echo","msg_id":20}}
2026/01/03 13:40:38 Sent {"src":"n0","dest":"c2","body":{"echo":"Please echo 40","in_reply_to":20,"msg_id":20,"type":"echo_ok"}}
2026/01/03 13:40:38 Received {c2 n0 {"echo":"Please echo 0","type":"echo","msg_id":21}}
2026/01/03 13:40:38 Sent {"src":"n0","dest":"c2","body":{"echo":"Please echo 0","in_reply_to":21,"msg_id":21,"type":"echo_ok"}}
2026/01/03 13:40:38 Received {c2 n0 {"echo":"Please echo 15","type":"echo","msg_id":22}}
2026/01/03 13:40:38 Sent {"src":"n0","dest":"c2","body":{"echo":"Please echo 15","in_reply_to":22,"msg_id":22,"type":"echo_ok"}}
2026/01/03 13:40:38 Received {c2 n0 {"echo":"Please echo 127","type":"echo","msg_id":23}}
2026/01/03 13:40:38 Sent {"src":"n0","dest":"c2","body":{"echo":"Please echo 127","in_reply_to":23,"msg_id":23,"type":"echo_ok"}}
2026/01/03 13:40:38 Received {c2 n0 {"echo":"Please echo 6","type":"echo","msg_id":24}}
2026/01/03 13:40:38 Sent {"src":"n0","dest":"c2","body":{"echo":"Please echo 6","in_reply_to":24,"msg_id":24,"type":"echo_ok"}}
2026/01/03 13:40:39 Received {c2 n0 {"echo":"Please echo 91","type":"echo","msg_id":25}}
2026/01/03 13:40:39 Sent {"src":"n0","dest":"c2","body":{"echo":"Please echo 91","in_reply_to":25,"msg_id":25,"type":"echo_ok"}}
2026/01/03 13:40:39 Received {c2 n0 {"echo":"Please echo 13","type":"echo","msg_id":26}}
2026/01/03 13:40:39 Sent {"src":"n0","dest":"c2","body":{"echo":"Please echo 13","in_reply_to":26,"msg_id":26,"type":"echo_ok"}}
2026/01/03 13:40:39 Received {c2 n0 {"echo":"Please echo 81","type":"echo","msg_id":27}}
2026/01/03 13:40:39 Sent {"src":"n0","dest":"c2","body":{"echo":"Please echo 81","in_reply_to":27,"msg_id":27,"type":"echo_ok"}}
2026/01/03 13:40:40 Received {c2 n0 {"echo":"Please echo 50","type":"echo","msg_id":28}}
2026/01/03 13:40:40 Sent {"src":"n0","dest":"c2","body":{"echo":"Please echo 50","in_reply_to":28,"msg_id":28,"type":"echo_ok"}}
2026/01/03 13:40:40 Received {c2 n0 {"echo":"Please echo 102","type":"echo","msg_id":29}}
2026/01/03 13:40:40 Sent {"src":"n0","dest":"c2","body":{"echo":"Please echo 102","in_reply_to":29,"msg_id":29,"type":"echo_ok"}}
2026/01/03 13:40:40 Received {c2 n0 {"echo":"Please echo 5","type":"echo","msg_id":30}}
2026/01/03 13:40:40 Sent {"src":"n0","dest":"c2","body":{"echo":"Please echo 5","in_reply_to":30,"msg_id":30,"type":"echo_ok"}}
2026/01/03 13:40:40 Received {c2 n0 {"echo":"Please echo 93","type":"echo","msg_id":31}}
2026/01/03 13:40:40 Sent {"src":"n0","dest":"c2","body":{"echo":"Please echo 93","in_reply_to":31,"msg_id":31,"type":"echo_ok"}}
2026/01/03 13:40:40 Received {c2 n0 {"echo":"Please echo 49","type":"echo","msg_id":32}}
2026/01/03 13:40:40 Sent {"src":"n0","dest":"c2","body":{"echo":"Please echo 49","in_reply_to":32,"msg_id":32,"type":"echo_ok"}}
2026/01/03 13:40:40 Received {c2 n0 {"echo":"Please echo 54","type":"echo","msg_id":33}}
2026/01/03 13:40:40 Sent {"src":"n0","dest":"c2","body":{"echo":"Please echo 54","in_reply_to":33,"msg_id":33,"type":"echo_ok"}}
2026/01/03 13:40:41 Received {c2 n0 {"echo":"Please echo 94","type":"echo","msg_id":34}}
2026/01/03 13:40:41 Sent {"src":"n0","dest":"c2","body":{"echo":"Please echo 94","in_reply_to":34,"msg_id":34,"type":"echo_ok"}}
2026/01/03 13:40:41 Received {c2 n0 {"echo":"Please echo 20","type":"echo","msg_id":35}}
2026/01/03 13:40:41 Sent {"src":"n0","dest":"c2","body":{"echo":"Please echo 20","in_reply_to":35,"msg_id":35,"type":"echo_ok"}}
2026/01/03 13:40:41 Received {c2 n0 {"echo":"Please echo 14","type":"echo","msg_id":36}}
2026/01/03 13:40:41 Sent {"src":"n0","dest":"c2","body":{"echo":"Please echo 14","in_reply_to":36,"msg_id":36,"type":"echo_ok"}}
2026/01/03 13:40:41 Received {c2 n0 {"echo":"Please echo 16","type":"echo","msg_id":37}}
2026/01/03 13:40:41 Sent {"src":"n0","dest":"c2","body":{"echo":"Please echo 16","in_reply_to":37,"msg_id":37,"type":"echo_ok"}}
2026/01/03 13:40:42 Received {c2 n0 {"echo":"Please echo 51","type":"echo","msg_id":38}}
2026/01/03 13:40:42 Sent {"src":"n0","dest":"c2","body":{"echo":"Please echo 51","in_reply_to":38,"msg_id":38,"type":"echo_ok"}}
2026/01/03 13:40:42 Received {c2 n0 {"echo":"Please echo 127","type":"echo","msg_id":39}}
2026/01/03 13:40:42 Sent {"src":"n0","dest":"c2","body":{"echo":"Please echo 127","in_reply_to":39,"msg_id":39,"type":"echo_ok"}}
2026/01/03 13:40:42 Received {c2 n0 {"echo":"Please echo 63","type":"echo","msg_id":40}}
2026/01/03 13:40:42 Sent {"src":"n0","dest":"c2","body":{"echo":"Please echo 63","in_reply_to":40,"msg_id":40,"type":"echo_ok"}}
2026/01/03 13:40:42 Received {c2 n0 {"echo":"Please echo 109","type":"echo","msg_id":41}}
2026/01/03 13:40:42 Sent {"src":"n0","dest":"c2","body":{"echo":"Please echo 109","in_reply_to":41,"msg_id":41,"type":"echo_ok"}}
2026/01/03 13:40:43 Received {c2 n0 {"echo":"Please echo 102","type":"echo","msg_id":42}}
2026/01/03 13:40:43 Sent {"src":"n0","dest":"c2","body":{"echo":"Please echo 102","in_reply_to":42,"msg_id":42,"type":"echo_ok"}}
2026/01/03 13:40:43 Received {c2 n0 {"echo":"Please echo 101","type":"echo","msg_id":43}}
2026/01/03 13:40:43 Sent {"src":"n0","dest":"c2","body":{"echo":"Please echo 101","in_reply_to":43,"msg_id":43,"type":"echo_ok"}}
2026/01/03 13:40:43 Received {c2 n0 {"echo":"Please echo 79","type":"echo","msg_id":44}}
2026/01/03 13:40:43 Sent {"src":"n0","dest":"c2","body":{"echo":"Please echo 79","in_reply_to":44,"msg_id":44,"type":"echo_ok"}}
