2026-01-03 14:01:23,789{GMT}	INFO	[jepsen test runner] jepsen.core: Command line:
lein run test unique-ids --bin ./id-gen --time-limit 30 --rate 1000 --node-count 3 --availability total --nemesis partition --concurrency 6
2026-01-03 14:01:23,843{GMT}	INFO	[jepsen test runner] jepsen.core: Running test:
{:args ["unique-ids"]
 :remote
 #jepsen.control.retry.Remote{:remote #jepsen.control.scp.Remote{:cmd-remote #jepsen.control.sshj.SSHJRemote{:concurrency-limit 6,
                                                                                                             :conn-spec nil,
                                                                                                             :client nil,
                                                                                                             :semaphore nil},
                                                                 :conn-spec nil},
                              :conn nil}
 :log-net-send false
 :node-count 3
 :availability :total
 :max-txn-length 4
 :concurrency 6
 :db
 #object[maelstrom.db$db$reify__16612
         "0x5634c26c"
         "maelstrom.db$db$reify__16612@5634c26c"]
 :max-writes-per-key 16
 :leave-db-running? false
 :name "lin-kv"
 :logging-json? false
 :start-time
 #object[org.joda.time.DateTime "0x37a5ac85" "2026-01-03T14:01:23.772-05:00"]
 :nemesis-interval 10
 :net
 #object[maelstrom.net$jepsen_net$reify__15721
         "0x5d4f0fd5"
         "maelstrom.net$jepsen_net$reify__15721@5d4f0fd5"]
 :client
 #object[maelstrom.workload.lin_kv$client$reify__20973
         "0x2092b072"
         "maelstrom.workload.lin_kv$client$reify__20973@2092b072"]
 :barrier
 #object[java.util.concurrent.CyclicBarrier
         "0x504521ae"
         "java.util.concurrent.CyclicBarrier@504521ae"]
 :log-stderr false
 :pure-generators true
 :ssh {:dummy? true}
 :rate 1000.0
 :checker
 #object[jepsen.checker$compose$reify__11089
         "0x4a9e6ea7"
         "jepsen.checker$compose$reify__11089@4a9e6ea7"]
 :argv
 ("test"
  "unique-ids"
  "--bin"
  "./id-gen"
  "--time-limit"
  "30"
  "--rate"
  "1000"
  "--node-count"
  "3"
  "--availability"
  "total"
  "--nemesis"
  "partition"
  "--concurrency"
  "6")
 :nemesis
 (jepsen.nemesis.ReflCompose
  {:fm {:start-partition 0,
        :stop-partition 0,
        :kill 1,
        :start 1,
        :pause 1,
        :resume 1},
   :nemeses [#unprintable "jepsen.nemesis.combined$partition_nemesis$reify__16905@6f8af186"
             #unprintable "jepsen.nemesis.combined$db_nemesis$reify__16886@5aaecd25"]})
 :nodes ["n0" "n1" "n2"]
 :test-count 1
 :latency {:mean 0, :dist :constant}
 :bin "./id-gen"
 :generator
 #object[jepsen.util.Forgettable
         "0x578036a2"
         (jepsen.generator.TimeLimit
          {:limit 30000000000,
           :cutoff nil,
           :gen (jepsen.generator.Any
                 {:gens [(jepsen.generator.OnThreads
                          {:f #{:nemesis},
                           :context-filter #object[jepsen.generator.context$make_thread_filter$lazy_filter__12077
                                                   "0x78fb4f7f"
                                                   "jepsen.generator.context$make_thread_filter$lazy_filter__12077@78fb4f7f"],
                           :gen (jepsen.generator.Stagger
                                 {:dt 20000000000,
                                  :next-time nil,
                                  :gen (jepsen.generator.FlipFlop
                                        {:gens [#object[jepsen.nemesis.combined$partition_package$start__16909
                                                        "0x6a7c1725"
                                                        "jepsen.nemesis.combined$partition_package$start__16909@6a7c1725"]
                                                (jepsen.generator.Repeat
                                                 {:remaining -1,
                                                  :gen {:type :info,
                                                        :f :stop-partition,
                                                        :value nil}})],
                                         :i 0})})})
                         (jepsen.generator.OnThreads
                          {:f #jepsen.generator.context.AllBut{:element :nemesis},
                           :context-filter #object[jepsen.generator.context$make_thread_filter$lazy_filter__12077
                                                   "0x756476a3"
                                                   "jepsen.generator.context$make_thread_filter$lazy_filter__12077@756476a3"],
                           :gen (jepsen.generator.Stagger
                                 {:dt 2000000,
                                  :next-time nil,
                                  :gen (jepsen.generator.OnThreads
                                        {:f #jepsen.generator.context.AllBut{:element :nemesis},
                                         :context-filter #object[jepsen.generator.context$make_thread_filter$lazy_filter__12077
                                                                 "0x65e4ee59"
                                                                 "jepsen.generator.context$make_thread_filter$lazy_filter__12077@65e4ee59"],
                                         :gen (jepsen.independent.ConcurrentGenerator
                                               {:n 6,
                                                :fgen #object[jepsen.tests.linearizable_register$test$fn__17385
                                                              "0x4746d52d"
                                                              "jepsen.tests.linearizable_register$test$fn__17385@4746d52d"],
                                                :group->threads nil,
                                                :thread->group nil,
                                                :group->context-filter nil,
                                                :keys (0 1 2 3 4 5 6 7 ...),
                                                :gens nil})})})})]})})]
 :log-net-recv false
 :os
 #object[maelstrom.net$jepsen_os$reify__15724
         "0x1b0e81b3"
         "maelstrom.net$jepsen_os$reify__15724@1b0e81b3"]
 :time-limit 30
 :workload :lin-kv
 :consistency-models [:strict-serializable]
 :topology :grid}

2026-01-03 14:01:25,206{GMT}	INFO	[jepsen node n0] maelstrom.net: Starting Maelstrom network
2026-01-03 14:01:25,207{GMT}	INFO	[jepsen test runner] jepsen.db: Tearing down DB
2026-01-03 14:01:25,208{GMT}	INFO	[jepsen test runner] jepsen.db: Setting up DB
2026-01-03 14:01:25,208{GMT}	INFO	[jepsen node n2] maelstrom.db: Setting up n2
2026-01-03 14:01:25,208{GMT}	INFO	[jepsen node n1] maelstrom.db: Setting up n1
2026-01-03 14:01:25,209{GMT}	INFO	[jepsen node n2] maelstrom.process: launching ./id-gen ["unique-ids"]
2026-01-03 14:01:25,209{GMT}	INFO	[jepsen node n1] maelstrom.process: launching ./id-gen ["unique-ids"]
2026-01-03 14:01:25,210{GMT}	INFO	[jepsen node n0] maelstrom.service: Starting services: (lin-kv lin-tso lww-kv seq-kv)
2026-01-03 14:01:25,211{GMT}	INFO	[jepsen node n0] maelstrom.db: Setting up n0
2026-01-03 14:01:25,211{GMT}	INFO	[jepsen node n0] maelstrom.process: launching ./id-gen ["unique-ids"]
2026-01-03 14:01:25,226{GMT}	INFO	[jepsen test runner] jepsen.core: Relative time begins now
2026-01-03 14:01:25,238{GMT}	INFO	[jepsen worker nemesis] jepsen.util: :nemesis	:info	:start-partition	:majorities-ring
2026-01-03 14:01:25,241{GMT}	INFO	[jepsen worker 1] jepsen.util: 1	:invoke	:read	[0 nil]
2026-01-03 14:01:25,242{GMT}	INFO	[jepsen worker nemesis] jepsen.util: :nemesis	:info	:start-partition	[:isolated {"n2" #{"n1"}, "n1" #{"n0"}, "n0" #{"n2"}}]
2026-01-03 14:01:25,242{GMT}	INFO	[jepsen worker 0] jepsen.util: 0	:invoke	:read	[0 nil]
2026-01-03 14:01:25,243{GMT}	INFO	[jepsen worker 2] jepsen.util: 2	:invoke	:read	[0 nil]
2026-01-03 14:01:25,245{GMT}	INFO	[jepsen worker 4] jepsen.util: 4	:invoke	:cas	[0 [1 1]]
2026-01-03 14:01:25,245{GMT}	INFO	[jepsen worker 5] jepsen.util: 5	:invoke	:cas	[0 [3 1]]
2026-01-03 14:01:25,247{GMT}	INFO	[jepsen worker 3] jepsen.util: 3	:invoke	:write	[0 4]
2026-01-03 14:01:26,245{GMT}	INFO	[jepsen worker 0] jepsen.util: 0	:fail	:read	[0 nil]	:net-timeout
2026-01-03 14:01:26,245{GMT}	INFO	[jepsen worker 2] jepsen.util: 2	:fail	:read	[0 nil]	:net-timeout
2026-01-03 14:01:26,245{GMT}	INFO	[jepsen worker 1] jepsen.util: 1	:fail	:read	[0 nil]	:net-timeout
2026-01-03 14:01:26,246{GMT}	INFO	[jepsen worker 5] jepsen.util: 5	:info	:cas	[0 [3 1]]	:net-timeout
2026-01-03 14:01:26,246{GMT}	INFO	[jepsen worker 4] jepsen.util: 4	:info	:cas	[0 [1 1]]	:net-timeout
2026-01-03 14:01:26,247{GMT}	INFO	[jepsen worker 3] jepsen.util: 3	:info	:write	[0 4]	:net-timeout
2026-01-03 14:01:26,247{GMT}	INFO	[jepsen worker 0] jepsen.util: 0	:invoke	:read	[0 nil]
2026-01-03 14:01:26,248{GMT}	INFO	[jepsen worker 1] jepsen.util: 1	:invoke	:read	[0 nil]
2026-01-03 14:01:26,251{GMT}	INFO	[jepsen worker 3] jepsen.util: 9	:invoke	:write	[0 1]
2026-01-03 14:01:26,253{GMT}	INFO	[jepsen worker 2] jepsen.util: 2	:invoke	:read	[0 nil]
2026-01-03 14:01:26,253{GMT}	INFO	[jepsen worker 4] jepsen.util: 10	:invoke	:write	[0 3]
2026-01-03 14:01:26,255{GMT}	INFO	[jepsen worker 5] jepsen.util: 11	:invoke	:write	[0 0]
2026-01-03 14:01:27,248{GMT}	INFO	[jepsen worker 0] jepsen.util: 0	:fail	:read	[0 nil]	:net-timeout
2026-01-03 14:01:27,250{GMT}	INFO	[jepsen worker 0] jepsen.util: 0	:invoke	:read	[0 nil]
2026-01-03 14:01:27,250{GMT}	INFO	[jepsen worker 1] jepsen.util: 1	:fail	:read	[0 nil]	:net-timeout
2026-01-03 14:01:27,250{GMT}	INFO	[jepsen worker 1] jepsen.util: 1	:invoke	:read	[0 nil]
2026-01-03 14:01:27,252{GMT}	INFO	[jepsen worker 3] jepsen.util: 9	:info	:write	[0 1]	:net-timeout
2026-01-03 14:01:27,253{GMT}	INFO	[jepsen worker 3] jepsen.util: 15	:invoke	:cas	[0 [2 3]]
2026-01-03 14:01:27,254{GMT}	INFO	[jepsen worker 2] jepsen.util: 2	:fail	:read	[0 nil]	:net-timeout
2026-01-03 14:01:27,254{GMT}	INFO	[jepsen worker 4] jepsen.util: 10	:info	:write	[0 3]	:net-timeout
2026-01-03 14:01:27,255{GMT}	INFO	[jepsen worker 4] jepsen.util: 16	:invoke	:write	[0 1]
2026-01-03 14:01:27,256{GMT}	INFO	[jepsen worker 5] jepsen.util: 11	:info	:write	[0 0]	:net-timeout
2026-01-03 14:01:27,256{GMT}	INFO	[jepsen worker 2] jepsen.util: 2	:invoke	:read	[0 nil]
2026-01-03 14:01:27,257{GMT}	INFO	[jepsen worker 5] jepsen.util: 17	:invoke	:cas	[0 [2 4]]
2026-01-03 14:01:28,250{GMT}	INFO	[jepsen worker 0] jepsen.util: 0	:fail	:read	[0 nil]	:net-timeout
2026-01-03 14:01:28,250{GMT}	INFO	[jepsen worker 1] jepsen.util: 1	:fail	:read	[0 nil]	:net-timeout
2026-01-03 14:01:28,252{GMT}	INFO	[jepsen worker 0] jepsen.util: 0	:invoke	:read	[0 nil]
2026-01-03 14:01:28,252{GMT}	INFO	[jepsen worker 1] jepsen.util: 1	:invoke	:read	[0 nil]
2026-01-03 14:01:28,253{GMT}	INFO	[jepsen worker 3] jepsen.util: 15	:info	:cas	[0 [2 3]]	:net-timeout
2026-01-03 14:01:28,254{GMT}	INFO	[jepsen worker 3] jepsen.util: 21	:invoke	:cas	[0 [4 3]]
2026-01-03 14:01:28,255{GMT}	INFO	[jepsen worker 4] jepsen.util: 16	:info	:write	[0 1]	:net-timeout
2026-01-03 14:01:28,256{GMT}	INFO	[jepsen worker 2] jepsen.util: 2	:fail	:read	[0 nil]	:net-timeout
2026-01-03 14:01:28,256{GMT}	INFO	[jepsen worker 4] jepsen.util: 22	:invoke	:cas	[0 [3 3]]
2026-01-03 14:01:28,257{GMT}	INFO	[jepsen worker 5] jepsen.util: 17	:info	:cas	[0 [2 4]]	:net-timeout
2026-01-03 14:01:28,257{GMT}	INFO	[jepsen worker 2] jepsen.util: 2	:invoke	:read	[0 nil]
2026-01-03 14:01:28,257{GMT}	INFO	[jepsen worker 5] jepsen.util: 23	:invoke	:cas	[0 [0 3]]
2026-01-03 14:01:29,253{GMT}	INFO	[jepsen worker 0] jepsen.util: 0	:fail	:read	[0 nil]	:net-timeout
2026-01-03 14:01:29,253{GMT}	INFO	[jepsen worker 1] jepsen.util: 1	:fail	:read	[0 nil]	:net-timeout
2026-01-03 14:01:29,254{GMT}	INFO	[jepsen worker 0] jepsen.util: 0	:invoke	:read	[0 nil]
2026-01-03 14:01:29,254{GMT}	INFO	[jepsen worker 1] jepsen.util: 1	:invoke	:read	[0 nil]
2026-01-03 14:01:29,255{GMT}	INFO	[jepsen worker 3] jepsen.util: 21	:info	:cas	[0 [4 3]]	:net-timeout
2026-01-03 14:01:29,256{GMT}	INFO	[jepsen worker 3] jepsen.util: 27	:invoke	:cas	[0 [4 1]]
2026-01-03 14:01:29,257{GMT}	INFO	[jepsen worker 4] jepsen.util: 22	:info	:cas	[0 [3 3]]	:net-timeout
2026-01-03 14:01:29,257{GMT}	INFO	[jepsen worker 2] jepsen.util: 2	:fail	:read	[0 nil]	:net-timeout
2026-01-03 14:01:29,257{GMT}	INFO	[jepsen worker 5] jepsen.util: 23	:info	:cas	[0 [0 3]]	:net-timeout
2026-01-03 14:01:29,257{GMT}	INFO	[jepsen worker 4] jepsen.util: 28	:invoke	:cas	[0 [3 3]]
2026-01-03 14:01:29,258{GMT}	INFO	[jepsen worker 2] jepsen.util: 2	:invoke	:read	[0 nil]
2026-01-03 14:01:29,261{GMT}	INFO	[jepsen worker 5] jepsen.util: 29	:invoke	:cas	[0 [4 1]]
2026-01-03 14:01:30,254{GMT}	INFO	[jepsen worker 0] jepsen.util: 0	:fail	:read	[0 nil]	:net-timeout
2026-01-03 14:01:30,254{GMT}	INFO	[jepsen worker 1] jepsen.util: 1	:fail	:read	[0 nil]	:net-timeout
2026-01-03 14:01:30,256{GMT}	INFO	[jepsen worker 0] jepsen.util: 0	:invoke	:read	[0 nil]
2026-01-03 14:01:30,256{GMT}	INFO	[jepsen worker 3] jepsen.util: 27	:info	:cas	[0 [4 1]]	:net-timeout
2026-01-03 14:01:30,256{GMT}	INFO	[jepsen worker 1] jepsen.util: 1	:invoke	:read	[0 nil]
2026-01-03 14:01:30,256{GMT}	INFO	[jepsen worker 3] jepsen.util: 33	:invoke	:cas	[0 [2 0]]
2026-01-03 14:01:30,257{GMT}	INFO	[jepsen worker 4] jepsen.util: 28	:info	:cas	[0 [3 3]]	:net-timeout
2026-01-03 14:01:30,258{GMT}	INFO	[jepsen worker 2] jepsen.util: 2	:fail	:read	[0 nil]	:net-timeout
2026-01-03 14:01:30,258{GMT}	INFO	[jepsen worker 4] jepsen.util: 34	:invoke	:cas	[0 [1 1]]
2026-01-03 14:01:30,259{GMT}	INFO	[jepsen worker 2] jepsen.util: 2	:invoke	:read	[0 nil]
2026-01-03 14:01:30,263{GMT}	INFO	[jepsen worker 5] jepsen.util: 29	:info	:cas	[0 [4 1]]	:net-timeout
2026-01-03 14:01:30,265{GMT}	INFO	[jepsen worker 5] jepsen.util: 35	:invoke	:write	[1 2]
2026-01-03 14:01:31,257{GMT}	INFO	[jepsen worker 0] jepsen.util: 0	:fail	:read	[0 nil]	:net-timeout
2026-01-03 14:01:31,257{GMT}	INFO	[jepsen worker 3] jepsen.util: 33	:info	:cas	[0 [2 0]]	:net-timeout
2026-01-03 14:01:31,257{GMT}	INFO	[jepsen worker 1] jepsen.util: 1	:fail	:read	[0 nil]	:net-timeout
2026-01-03 14:01:31,258{GMT}	INFO	[jepsen worker 4] jepsen.util: 34	:info	:cas	[0 [1 1]]	:net-timeout
2026-01-03 14:01:31,258{GMT}	INFO	[jepsen worker 0] jepsen.util: 0	:invoke	:read	[1 nil]
2026-01-03 14:01:31,259{GMT}	INFO	[jepsen worker 2] jepsen.util: 2	:fail	:read	[0 nil]	:net-timeout
2026-01-03 14:01:31,261{GMT}	INFO	[jepsen worker 3] jepsen.util: 39	:invoke	:cas	[1 [1 4]]
2026-01-03 14:01:31,263{GMT}	INFO	[jepsen worker 4] jepsen.util: 40	:invoke	:cas	[1 [3 3]]
2026-01-03 14:01:31,264{GMT}	INFO	[jepsen worker 1] jepsen.util: 1	:invoke	:read	[1 nil]
2026-01-03 14:01:31,264{GMT}	INFO	[jepsen worker 2] jepsen.util: 2	:invoke	:read	[1 nil]
2026-01-03 14:01:31,265{GMT}	INFO	[jepsen worker 5] jepsen.util: 35	:info	:write	[1 2]	:net-timeout
2026-01-03 14:01:31,266{GMT}	INFO	[jepsen worker 5] jepsen.util: 41	:invoke	:write	[1 2]
2026-01-03 14:01:32,259{GMT}	INFO	[jepsen worker 0] jepsen.util: 0	:fail	:read	[1 nil]	:net-timeout
2026-01-03 14:01:32,260{GMT}	INFO	[jepsen worker 0] jepsen.util: 0	:invoke	:read	[1 nil]
2026-01-03 14:01:32,262{GMT}	INFO	[jepsen worker 3] jepsen.util: 39	:info	:cas	[1 [1 4]]	:net-timeout
2026-01-03 14:01:32,263{GMT}	INFO	[jepsen worker 3] jepsen.util: 45	:invoke	:cas	[1 [4 1]]
2026-01-03 14:01:32,264{GMT}	INFO	[jepsen worker 1] jepsen.util: 1	:fail	:read	[1 nil]	:net-timeout
2026-01-03 14:01:32,264{GMT}	INFO	[jepsen worker 4] jepsen.util: 40	:info	:cas	[1 [3 3]]	:net-timeout
2026-01-03 14:01:32,264{GMT}	INFO	[jepsen worker 2] jepsen.util: 2	:fail	:read	[1 nil]	:net-timeout
2026-01-03 14:01:32,266{GMT}	INFO	[jepsen worker 4] jepsen.util: 46	:invoke	:cas	[1 [3 4]]
2026-01-03 14:01:32,266{GMT}	INFO	[jepsen worker 1] jepsen.util: 1	:invoke	:read	[1 nil]
2026-01-03 14:01:32,266{GMT}	INFO	[jepsen worker 5] jepsen.util: 41	:info	:write	[1 2]	:net-timeout
2026-01-03 14:01:32,267{GMT}	INFO	[jepsen worker 5] jepsen.util: 47	:invoke	:cas	[1 [3 4]]
2026-01-03 14:01:32,270{GMT}	INFO	[jepsen worker 2] jepsen.util: 2	:invoke	:read	[1 nil]
2026-01-03 14:01:33,261{GMT}	INFO	[jepsen worker 0] jepsen.util: 0	:fail	:read	[1 nil]	:net-timeout
2026-01-03 14:01:33,263{GMT}	INFO	[jepsen worker 0] jepsen.util: 0	:invoke	:read	[1 nil]
2026-01-03 14:01:33,264{GMT}	INFO	[jepsen worker 3] jepsen.util: 45	:info	:cas	[1 [4 1]]	:net-timeout
2026-01-03 14:01:33,265{GMT}	INFO	[jepsen worker 3] jepsen.util: 51	:invoke	:cas	[1 [4 1]]
2026-01-03 14:01:33,266{GMT}	INFO	[jepsen worker 1] jepsen.util: 1	:fail	:read	[1 nil]	:net-timeout
2026-01-03 14:01:33,266{GMT}	INFO	[jepsen worker 4] jepsen.util: 46	:info	:cas	[1 [3 4]]	:net-timeout
2026-01-03 14:01:33,268{GMT}	INFO	[jepsen worker 1] jepsen.util: 1	:invoke	:read	[1 nil]
2026-01-03 14:01:33,268{GMT}	INFO	[jepsen worker 5] jepsen.util: 47	:info	:cas	[1 [3 4]]	:net-timeout
2026-01-03 14:01:33,268{GMT}	INFO	[jepsen worker 4] jepsen.util: 52	:invoke	:cas	[1 [2 0]]
2026-01-03 14:01:33,270{GMT}	INFO	[jepsen worker 5] jepsen.util: 53	:invoke	:write	[1 1]
2026-01-03 14:01:33,271{GMT}	INFO	[jepsen worker 2] jepsen.util: 2	:fail	:read	[1 nil]	:net-timeout
2026-01-03 14:01:33,273{GMT}	INFO	[jepsen worker 2] jepsen.util: 2	:invoke	:read	[1 nil]
2026-01-03 14:01:34,263{GMT}	INFO	[jepsen worker 0] jepsen.util: 0	:fail	:read	[1 nil]	:net-timeout
2026-01-03 14:01:34,265{GMT}	INFO	[jepsen worker 0] jepsen.util: 0	:invoke	:read	[1 nil]
2026-01-03 14:01:34,265{GMT}	INFO	[jepsen worker 3] jepsen.util: 51	:info	:cas	[1 [4 1]]	:net-timeout
2026-01-03 14:01:34,266{GMT}	INFO	[jepsen worker 3] jepsen.util: 57	:invoke	:write	[1 1]
2026-01-03 14:01:34,268{GMT}	INFO	[jepsen worker 1] jepsen.util: 1	:fail	:read	[1 nil]	:net-timeout
2026-01-03 14:01:34,269{GMT}	INFO	[jepsen worker 4] jepsen.util: 52	:info	:cas	[1 [2 0]]	:net-timeout
2026-01-03 14:01:34,269{GMT}	INFO	[jepsen worker 1] jepsen.util: 1	:invoke	:read	[1 nil]
2026-01-03 14:01:34,270{GMT}	INFO	[jepsen worker 5] jepsen.util: 53	:info	:write	[1 1]	:net-timeout
2026-01-03 14:01:34,271{GMT}	INFO	[jepsen worker 4] jepsen.util: 58	:invoke	:cas	[1 [2 1]]
2026-01-03 14:01:34,273{GMT}	INFO	[jepsen worker 5] jepsen.util: 59	:invoke	:write	[1 3]
2026-01-03 14:01:34,273{GMT}	INFO	[jepsen worker 2] jepsen.util: 2	:fail	:read	[1 nil]	:net-timeout
2026-01-03 14:01:34,274{GMT}	INFO	[jepsen worker 2] jepsen.util: 2	:invoke	:read	[1 nil]
2026-01-03 14:01:35,266{GMT}	INFO	[jepsen worker 0] jepsen.util: 0	:fail	:read	[1 nil]	:net-timeout
2026-01-03 14:01:35,267{GMT}	INFO	[jepsen worker 3] jepsen.util: 57	:info	:write	[1 1]	:net-timeout
2026-01-03 14:01:35,267{GMT}	INFO	[jepsen worker 0] jepsen.util: 0	:invoke	:read	[1 nil]
2026-01-03 14:01:35,269{GMT}	INFO	[jepsen worker 3] jepsen.util: 63	:invoke	:cas	[1 [2 1]]
2026-01-03 14:01:35,269{GMT}	INFO	[jepsen worker 1] jepsen.util: 1	:fail	:read	[1 nil]	:net-timeout
2026-01-03 14:01:35,270{GMT}	INFO	[jepsen worker 1] jepsen.util: 1	:invoke	:read	[1 nil]
2026-01-03 14:01:35,272{GMT}	INFO	[jepsen worker 4] jepsen.util: 58	:info	:cas	[1 [2 1]]	:net-timeout
2026-01-03 14:01:35,273{GMT}	INFO	[jepsen worker 4] jepsen.util: 64	:invoke	:cas	[1 [4 1]]
2026-01-03 14:01:35,274{GMT}	INFO	[jepsen worker 5] jepsen.util: 59	:info	:write	[1 3]	:net-timeout
2026-01-03 14:01:35,274{GMT}	INFO	[jepsen worker 2] jepsen.util: 2	:fail	:read	[1 nil]	:net-timeout
2026-01-03 14:01:35,275{GMT}	INFO	[jepsen worker 5] jepsen.util: 65	:invoke	:cas	[2 [2 4]]
2026-01-03 14:01:35,277{GMT}	INFO	[jepsen worker 2] jepsen.util: 2	:invoke	:read	[2 nil]
2026-01-03 14:01:36,268{GMT}	INFO	[jepsen worker 0] jepsen.util: 0	:fail	:read	[1 nil]	:net-timeout
2026-01-03 14:01:36,269{GMT}	INFO	[jepsen worker 0] jepsen.util: 0	:invoke	:read	[2 nil]
2026-01-03 14:01:36,270{GMT}	INFO	[jepsen worker 3] jepsen.util: 63	:info	:cas	[1 [2 1]]	:net-timeout
2026-01-03 14:01:36,270{GMT}	INFO	[jepsen worker 1] jepsen.util: 1	:fail	:read	[1 nil]	:net-timeout
2026-01-03 14:01:36,271{GMT}	INFO	[jepsen worker 1] jepsen.util: 1	:invoke	:read	[2 nil]
2026-01-03 14:01:36,274{GMT}	INFO	[jepsen worker 3] jepsen.util: 69	:invoke	:cas	[2 [3 4]]
2026-01-03 14:01:36,274{GMT}	INFO	[jepsen worker 4] jepsen.util: 64	:info	:cas	[1 [4 1]]	:net-timeout
2026-01-03 14:01:36,276{GMT}	INFO	[jepsen worker 5] jepsen.util: 65	:info	:cas	[2 [2 4]]	:net-timeout
2026-01-03 14:01:36,276{GMT}	INFO	[jepsen worker 4] jepsen.util: 70	:invoke	:cas	[2 [3 4]]
2026-01-03 14:01:36,276{GMT}	INFO	[jepsen worker 5] jepsen.util: 71	:invoke	:cas	[2 [0 3]]
2026-01-03 14:01:36,277{GMT}	INFO	[jepsen worker 2] jepsen.util: 2	:fail	:read	[2 nil]	:net-timeout
2026-01-03 14:01:36,279{GMT}	INFO	[jepsen worker 2] jepsen.util: 2	:invoke	:read	[2 nil]
2026-01-03 14:01:37,270{GMT}	INFO	[jepsen worker 0] jepsen.util: 0	:fail	:read	[2 nil]	:net-timeout
2026-01-03 14:01:37,271{GMT}	INFO	[jepsen worker 1] jepsen.util: 1	:fail	:read	[2 nil]	:net-timeout
2026-01-03 14:01:37,271{GMT}	INFO	[jepsen worker 0] jepsen.util: 0	:invoke	:read	[2 nil]
2026-01-03 14:01:37,273{GMT}	INFO	[jepsen worker 1] jepsen.util: 1	:invoke	:read	[2 nil]
2026-01-03 14:01:37,274{GMT}	INFO	[jepsen worker 3] jepsen.util: 69	:info	:cas	[2 [3 4]]	:net-timeout
2026-01-03 14:01:37,275{GMT}	INFO	[jepsen worker 3] jepsen.util: 75	:invoke	:cas	[2 [4 1]]
2026-01-03 14:01:37,276{GMT}	INFO	[jepsen worker 4] jepsen.util: 70	:info	:cas	[2 [3 4]]	:net-timeout
2026-01-03 14:01:37,276{GMT}	INFO	[jepsen worker 5] jepsen.util: 71	:info	:cas	[2 [0 3]]	:net-timeout
2026-01-03 14:01:37,277{GMT}	INFO	[jepsen worker 4] jepsen.util: 76	:invoke	:cas	[2 [4 4]]
2026-01-03 14:01:37,280{GMT}	INFO	[jepsen worker 5] jepsen.util: 77	:invoke	:cas	[2 [3 2]]
2026-01-03 14:01:37,280{GMT}	INFO	[jepsen worker 2] jepsen.util: 2	:fail	:read	[2 nil]	:net-timeout
2026-01-03 14:01:37,281{GMT}	INFO	[jepsen worker 2] jepsen.util: 2	:invoke	:read	[2 nil]
2026-01-03 14:01:38,272{GMT}	INFO	[jepsen worker 0] jepsen.util: 0	:fail	:read	[2 nil]	:net-timeout
2026-01-03 14:01:38,273{GMT}	INFO	[jepsen worker 1] jepsen.util: 1	:fail	:read	[2 nil]	:net-timeout
2026-01-03 14:01:38,273{GMT}	INFO	[jepsen worker 0] jepsen.util: 0	:invoke	:read	[2 nil]
2026-01-03 14:01:38,274{GMT}	INFO	[jepsen worker 1] jepsen.util: 1	:invoke	:read	[2 nil]
2026-01-03 14:01:38,275{GMT}	INFO	[jepsen worker 3] jepsen.util: 75	:info	:cas	[2 [4 1]]	:net-timeout
2026-01-03 14:01:38,276{GMT}	INFO	[jepsen worker 3] jepsen.util: 81	:invoke	:cas	[2 [3 3]]
2026-01-03 14:01:38,278{GMT}	INFO	[jepsen worker 4] jepsen.util: 76	:info	:cas	[2 [4 4]]	:net-timeout
2026-01-03 14:01:38,279{GMT}	INFO	[jepsen worker 4] jepsen.util: 82	:invoke	:cas	[2 [4 2]]
2026-01-03 14:01:38,280{GMT}	INFO	[jepsen worker 5] jepsen.util: 77	:info	:cas	[2 [3 2]]	:net-timeout
2026-01-03 14:01:38,281{GMT}	INFO	[jepsen worker 2] jepsen.util: 2	:fail	:read	[2 nil]	:net-timeout
2026-01-03 14:01:38,281{GMT}	INFO	[jepsen worker 5] jepsen.util: 83	:invoke	:cas	[2 [3 2]]
2026-01-03 14:01:38,284{GMT}	INFO	[jepsen worker 2] jepsen.util: 2	:invoke	:read	[2 nil]
2026-01-03 14:01:39,274{GMT}	INFO	[jepsen worker 0] jepsen.util: 0	:fail	:read	[2 nil]	:net-timeout
2026-01-03 14:01:39,274{GMT}	INFO	[jepsen worker 1] jepsen.util: 1	:fail	:read	[2 nil]	:net-timeout
2026-01-03 14:01:39,275{GMT}	INFO	[jepsen worker 1] jepsen.util: 1	:invoke	:read	[2 nil]
2026-01-03 14:01:39,277{GMT}	INFO	[jepsen worker 3] jepsen.util: 81	:info	:cas	[2 [3 3]]	:net-timeout
2026-01-03 14:01:39,277{GMT}	INFO	[jepsen worker 0] jepsen.util: 0	:invoke	:read	[2 nil]
2026-01-03 14:01:39,279{GMT}	INFO	[jepsen worker 4] jepsen.util: 82	:info	:cas	[2 [4 2]]	:net-timeout
2026-01-03 14:01:39,279{GMT}	INFO	[jepsen worker 3] jepsen.util: 87	:invoke	:cas	[2 [3 4]]
2026-01-03 14:01:39,280{GMT}	INFO	[jepsen worker 4] jepsen.util: 88	:invoke	:write	[2 2]
2026-01-03 14:01:39,282{GMT}	INFO	[jepsen worker 5] jepsen.util: 83	:info	:cas	[2 [3 2]]	:net-timeout
2026-01-03 14:01:39,283{GMT}	INFO	[jepsen worker 5] jepsen.util: 89	:invoke	:cas	[2 [0 0]]
2026-01-03 14:01:39,284{GMT}	INFO	[jepsen worker 2] jepsen.util: 2	:fail	:read	[2 nil]	:net-timeout
2026-01-03 14:01:39,285{GMT}	INFO	[jepsen worker 2] jepsen.util: 2	:invoke	:read	[2 nil]
2026-01-03 14:01:40,277{GMT}	INFO	[jepsen worker 1] jepsen.util: 1	:fail	:read	[2 nil]	:net-timeout
2026-01-03 14:01:40,277{GMT}	INFO	[jepsen worker 0] jepsen.util: 0	:fail	:read	[2 nil]	:net-timeout
2026-01-03 14:01:40,278{GMT}	INFO	[jepsen worker 1] jepsen.util: 1	:invoke	:read	[2 nil]
2026-01-03 14:01:40,278{GMT}	INFO	[jepsen worker 0] jepsen.util: 0	:invoke	:read	[2 nil]
2026-01-03 14:01:40,280{GMT}	INFO	[jepsen worker 3] jepsen.util: 87	:info	:cas	[2 [3 4]]	:net-timeout
2026-01-03 14:01:40,280{GMT}	INFO	[jepsen worker 4] jepsen.util: 88	:info	:write	[2 2]	:net-timeout
2026-01-03 14:01:40,281{GMT}	INFO	[jepsen worker 3] jepsen.util: 93	:invoke	:cas	[2 [1 3]]
2026-01-03 14:01:40,282{GMT}	INFO	[jepsen worker 4] jepsen.util: 94	:invoke	:cas	[2 [2 3]]
2026-01-03 14:01:40,283{GMT}	INFO	[jepsen worker 5] jepsen.util: 89	:info	:cas	[2 [0 0]]	:net-timeout
2026-01-03 14:01:40,285{GMT}	INFO	[jepsen worker 2] jepsen.util: 2	:fail	:read	[2 nil]	:net-timeout
2026-01-03 14:01:40,285{GMT}	INFO	[jepsen worker 5] jepsen.util: 95	:invoke	:write	[3 4]
2026-01-03 14:01:40,286{GMT}	INFO	[jepsen worker 2] jepsen.util: 2	:invoke	:read	[3 nil]
2026-01-03 14:01:40,809{GMT}	INFO	[jepsen worker nemesis] jepsen.util: :nemesis	:info	:stop-partition	nil
2026-01-03 14:01:40,809{GMT}	INFO	[jepsen worker nemesis] jepsen.util: :nemesis	:info	:stop-partition	:network-healed
2026-01-03 14:01:41,279{GMT}	INFO	[jepsen worker 1] jepsen.util: 1	:fail	:read	[2 nil]	:net-timeout
2026-01-03 14:01:41,279{GMT}	INFO	[jepsen worker 0] jepsen.util: 0	:fail	:read	[2 nil]	:net-timeout
2026-01-03 14:01:41,280{GMT}	INFO	[jepsen worker 0] jepsen.util: 0	:invoke	:read	[3 nil]
2026-01-03 14:01:41,280{GMT}	INFO	[jepsen worker 1] jepsen.util: 1	:invoke	:read	[3 nil]
2026-01-03 14:01:41,281{GMT}	INFO	[jepsen worker 3] jepsen.util: 93	:info	:cas	[2 [1 3]]	:net-timeout
2026-01-03 14:01:41,282{GMT}	INFO	[jepsen worker 3] jepsen.util: 99	:invoke	:cas	[3 [3 4]]
2026-01-03 14:01:41,282{GMT}	INFO	[jepsen worker 4] jepsen.util: 94	:info	:cas	[2 [2 3]]	:net-timeout
2026-01-03 14:01:41,283{GMT}	INFO	[jepsen worker 4] jepsen.util: 100	:invoke	:write	[3 4]
2026-01-03 14:01:41,286{GMT}	INFO	[jepsen worker 5] jepsen.util: 95	:info	:write	[3 4]	:net-timeout
2026-01-03 14:01:41,286{GMT}	INFO	[jepsen worker 2] jepsen.util: 2	:fail	:read	[3 nil]	:net-timeout
2026-01-03 14:01:41,288{GMT}	INFO	[jepsen worker 2] jepsen.util: 2	:invoke	:read	[3 nil]
2026-01-03 14:01:41,288{GMT}	INFO	[jepsen worker 5] jepsen.util: 101	:invoke	:cas	[3 [2 0]]
2026-01-03 14:01:42,281{GMT}	INFO	[jepsen worker 1] jepsen.util: 1	:fail	:read	[3 nil]	:net-timeout
2026-01-03 14:01:42,281{GMT}	INFO	[jepsen worker 0] jepsen.util: 0	:fail	:read	[3 nil]	:net-timeout
2026-01-03 14:01:42,282{GMT}	INFO	[jepsen worker 0] jepsen.util: 0	:invoke	:read	[3 nil]
2026-01-03 14:01:42,282{GMT}	INFO	[jepsen worker 1] jepsen.util: 1	:invoke	:read	[3 nil]
2026-01-03 14:01:42,282{GMT}	INFO	[jepsen worker 3] jepsen.util: 99	:info	:cas	[3 [3 4]]	:net-timeout
2026-01-03 14:01:42,283{GMT}	INFO	[jepsen worker 4] jepsen.util: 100	:info	:write	[3 4]	:net-timeout
2026-01-03 14:01:42,284{GMT}	INFO	[jepsen worker 3] jepsen.util: 105	:invoke	:cas	[3 [2 0]]
2026-01-03 14:01:42,287{GMT}	INFO	[jepsen worker 4] jepsen.util: 106	:invoke	:cas	[3 [4 2]]
2026-01-03 14:01:42,289{GMT}	INFO	[jepsen worker 2] jepsen.util: 2	:fail	:read	[3 nil]	:net-timeout
2026-01-03 14:01:42,289{GMT}	INFO	[jepsen worker 5] jepsen.util: 101	:info	:cas	[3 [2 0]]	:net-timeout
2026-01-03 14:01:42,290{GMT}	INFO	[jepsen worker 2] jepsen.util: 2	:invoke	:read	[3 nil]
2026-01-03 14:01:42,291{GMT}	INFO	[jepsen worker 5] jepsen.util: 107	:invoke	:cas	[3 [3 0]]
2026-01-03 14:01:43,283{GMT}	INFO	[jepsen worker 0] jepsen.util: 0	:fail	:read	[3 nil]	:net-timeout
2026-01-03 14:01:43,283{GMT}	INFO	[jepsen worker 1] jepsen.util: 1	:fail	:read	[3 nil]	:net-timeout
2026-01-03 14:01:43,284{GMT}	INFO	[jepsen worker 0] jepsen.util: 0	:invoke	:read	[3 nil]
2026-01-03 14:01:43,284{GMT}	INFO	[jepsen worker 1] jepsen.util: 1	:invoke	:read	[3 nil]
2026-01-03 14:01:43,285{GMT}	INFO	[jepsen worker 3] jepsen.util: 105	:info	:cas	[3 [2 0]]	:net-timeout
2026-01-03 14:01:43,287{GMT}	INFO	[jepsen worker 3] jepsen.util: 111	:invoke	:write	[3 4]
2026-01-03 14:01:43,288{GMT}	INFO	[jepsen worker 4] jepsen.util: 106	:info	:cas	[3 [4 2]]	:net-timeout
2026-01-03 14:01:43,289{GMT}	INFO	[jepsen worker 4] jepsen.util: 112	:invoke	:cas	[3 [1 1]]
2026-01-03 14:01:43,290{GMT}	INFO	[jepsen worker 2] jepsen.util: 2	:fail	:read	[3 nil]	:net-timeout
2026-01-03 14:01:43,291{GMT}	INFO	[jepsen worker 2] jepsen.util: 2	:invoke	:read	[3 nil]
2026-01-03 14:01:43,292{GMT}	INFO	[jepsen worker 5] jepsen.util: 107	:info	:cas	[3 [3 0]]	:net-timeout
2026-01-03 14:01:43,293{GMT}	INFO	[jepsen worker 5] jepsen.util: 113	:invoke	:write	[3 0]
2026-01-03 14:01:44,285{GMT}	INFO	[jepsen worker 1] jepsen.util: 1	:fail	:read	[3 nil]	:net-timeout
2026-01-03 14:01:44,285{GMT}	INFO	[jepsen worker 0] jepsen.util: 0	:fail	:read	[3 nil]	:net-timeout
2026-01-03 14:01:44,286{GMT}	INFO	[jepsen worker 0] jepsen.util: 0	:invoke	:read	[3 nil]
2026-01-03 14:01:44,286{GMT}	INFO	[jepsen worker 1] jepsen.util: 1	:invoke	:read	[3 nil]
2026-01-03 14:01:44,288{GMT}	INFO	[jepsen worker 3] jepsen.util: 111	:info	:write	[3 4]	:net-timeout
2026-01-03 14:01:44,288{GMT}	INFO	[jepsen worker 3] jepsen.util: 117	:invoke	:write	[3 3]
2026-01-03 14:01:44,289{GMT}	INFO	[jepsen worker 4] jepsen.util: 112	:info	:cas	[3 [1 1]]	:net-timeout
2026-01-03 14:01:44,291{GMT}	INFO	[jepsen worker 4] jepsen.util: 118	:invoke	:cas	[3 [3 3]]
2026-01-03 14:01:44,291{GMT}	INFO	[jepsen worker 2] jepsen.util: 2	:fail	:read	[3 nil]	:net-timeout
2026-01-03 14:01:44,293{GMT}	INFO	[jepsen worker 2] jepsen.util: 2	:invoke	:read	[3 nil]
2026-01-03 14:01:44,293{GMT}	INFO	[jepsen worker 5] jepsen.util: 113	:info	:write	[3 0]	:net-timeout
2026-01-03 14:01:44,294{GMT}	INFO	[jepsen worker 5] jepsen.util: 119	:invoke	:cas	[3 [1 3]]
2026-01-03 14:01:45,286{GMT}	INFO	[jepsen worker 1] jepsen.util: 1	:fail	:read	[3 nil]	:net-timeout
2026-01-03 14:01:45,286{GMT}	INFO	[jepsen worker 0] jepsen.util: 0	:fail	:read	[3 nil]	:net-timeout
2026-01-03 14:01:45,288{GMT}	INFO	[jepsen worker 0] jepsen.util: 0	:invoke	:read	[3 nil]
2026-01-03 14:01:45,288{GMT}	INFO	[jepsen worker 1] jepsen.util: 1	:invoke	:read	[3 nil]
2026-01-03 14:01:45,288{GMT}	INFO	[jepsen worker 3] jepsen.util: 117	:info	:write	[3 3]	:net-timeout
2026-01-03 14:01:45,289{GMT}	INFO	[jepsen worker 3] jepsen.util: 123	:invoke	:cas	[3 [2 0]]
2026-01-03 14:01:45,292{GMT}	INFO	[jepsen worker 4] jepsen.util: 118	:info	:cas	[3 [3 3]]	:net-timeout
2026-01-03 14:01:45,293{GMT}	INFO	[jepsen worker 4] jepsen.util: 124	:invoke	:cas	[3 [1 3]]
2026-01-03 14:01:45,293{GMT}	INFO	[jepsen worker 2] jepsen.util: 2	:fail	:read	[3 nil]	:net-timeout
2026-01-03 14:01:45,294{GMT}	INFO	[jepsen worker 2] jepsen.util: 2	:invoke	:read	[3 nil]
2026-01-03 14:01:45,294{GMT}	INFO	[jepsen worker 5] jepsen.util: 119	:info	:cas	[3 [1 3]]	:net-timeout
2026-01-03 14:01:45,295{GMT}	INFO	[jepsen worker 5] jepsen.util: 125	:invoke	:write	[4 3]
2026-01-03 14:01:46,289{GMT}	INFO	[jepsen worker 0] jepsen.util: 0	:fail	:read	[3 nil]	:net-timeout
2026-01-03 14:01:46,289{GMT}	INFO	[jepsen worker 1] jepsen.util: 1	:fail	:read	[3 nil]	:net-timeout
2026-01-03 14:01:46,289{GMT}	INFO	[jepsen worker 3] jepsen.util: 123	:info	:cas	[3 [2 0]]	:net-timeout
2026-01-03 14:01:46,290{GMT}	INFO	[jepsen worker 0] jepsen.util: 0	:invoke	:read	[4 nil]
2026-01-03 14:01:46,290{GMT}	INFO	[jepsen worker 1] jepsen.util: 1	:invoke	:read	[4 nil]
2026-01-03 14:01:46,291{GMT}	INFO	[jepsen worker 3] jepsen.util: 129	:invoke	:cas	[4 [1 2]]
2026-01-03 14:01:46,294{GMT}	INFO	[jepsen worker 4] jepsen.util: 124	:info	:cas	[3 [1 3]]	:net-timeout
2026-01-03 14:01:46,294{GMT}	INFO	[jepsen worker 2] jepsen.util: 2	:fail	:read	[3 nil]	:net-timeout
2026-01-03 14:01:46,295{GMT}	INFO	[jepsen worker 4] jepsen.util: 130	:invoke	:write	[4 3]
2026-01-03 14:01:46,296{GMT}	INFO	[jepsen worker 5] jepsen.util: 125	:info	:write	[4 3]	:net-timeout
2026-01-03 14:01:46,297{GMT}	INFO	[jepsen worker 2] jepsen.util: 2	:invoke	:read	[4 nil]
2026-01-03 14:01:46,299{GMT}	INFO	[jepsen worker 5] jepsen.util: 131	:invoke	:cas	[4 [0 1]]
2026-01-03 14:01:47,292{GMT}	INFO	[jepsen worker 0] jepsen.util: 0	:fail	:read	[4 nil]	:net-timeout
2026-01-03 14:01:47,292{GMT}	INFO	[jepsen worker 3] jepsen.util: 129	:info	:cas	[4 [1 2]]	:net-timeout
2026-01-03 14:01:47,292{GMT}	INFO	[jepsen worker 1] jepsen.util: 1	:fail	:read	[4 nil]	:net-timeout
2026-01-03 14:01:47,294{GMT}	INFO	[jepsen worker 1] jepsen.util: 1	:invoke	:read	[4 nil]
2026-01-03 14:01:47,295{GMT}	INFO	[jepsen worker 4] jepsen.util: 130	:info	:write	[4 3]	:net-timeout
2026-01-03 14:01:47,295{GMT}	INFO	[jepsen worker 3] jepsen.util: 135	:invoke	:write	[4 4]
2026-01-03 14:01:47,297{GMT}	INFO	[jepsen worker 2] jepsen.util: 2	:fail	:read	[4 nil]	:net-timeout
2026-01-03 14:01:47,297{GMT}	INFO	[jepsen worker 4] jepsen.util: 136	:invoke	:cas	[4 [3 1]]
2026-01-03 14:01:47,300{GMT}	INFO	[jepsen worker 0] jepsen.util: 0	:invoke	:read	[4 nil]
2026-01-03 14:01:47,300{GMT}	INFO	[jepsen worker 5] jepsen.util: 131	:info	:cas	[4 [0 1]]	:net-timeout
2026-01-03 14:01:47,301{GMT}	INFO	[jepsen worker 2] jepsen.util: 2	:invoke	:read	[4 nil]
2026-01-03 14:01:47,302{GMT}	INFO	[jepsen worker 5] jepsen.util: 137	:invoke	:write	[4 0]
2026-01-03 14:01:48,294{GMT}	INFO	[jepsen worker 1] jepsen.util: 1	:fail	:read	[4 nil]	:net-timeout
2026-01-03 14:01:48,295{GMT}	INFO	[jepsen worker 3] jepsen.util: 135	:info	:write	[4 4]	:net-timeout
2026-01-03 14:01:48,296{GMT}	INFO	[jepsen worker 1] jepsen.util: 1	:invoke	:read	[4 nil]
2026-01-03 14:01:48,297{GMT}	INFO	[jepsen worker 3] jepsen.util: 141	:invoke	:cas	[4 [2 1]]
2026-01-03 14:01:48,297{GMT}	INFO	[jepsen worker 4] jepsen.util: 136	:info	:cas	[4 [3 1]]	:net-timeout
2026-01-03 14:01:48,299{GMT}	INFO	[jepsen worker 4] jepsen.util: 142	:invoke	:cas	[4 [0 4]]
2026-01-03 14:01:48,301{GMT}	INFO	[jepsen worker 0] jepsen.util: 0	:fail	:read	[4 nil]	:net-timeout
2026-01-03 14:01:48,301{GMT}	INFO	[jepsen worker 2] jepsen.util: 2	:fail	:read	[4 nil]	:net-timeout
2026-01-03 14:01:48,301{GMT}	INFO	[jepsen worker 0] jepsen.util: 0	:invoke	:read	[4 nil]
2026-01-03 14:01:48,302{GMT}	INFO	[jepsen worker 2] jepsen.util: 2	:invoke	:read	[4 nil]
2026-01-03 14:01:48,302{GMT}	INFO	[jepsen worker 5] jepsen.util: 137	:info	:write	[4 0]	:net-timeout
2026-01-03 14:01:48,305{GMT}	INFO	[jepsen worker 5] jepsen.util: 143	:invoke	:cas	[4 [2 2]]
2026-01-03 14:01:49,297{GMT}	INFO	[jepsen worker 3] jepsen.util: 141	:info	:cas	[4 [2 1]]	:net-timeout
2026-01-03 14:01:49,297{GMT}	INFO	[jepsen worker 1] jepsen.util: 1	:fail	:read	[4 nil]	:net-timeout
2026-01-03 14:01:49,298{GMT}	INFO	[jepsen worker 1] jepsen.util: 1	:invoke	:read	[4 nil]
2026-01-03 14:01:49,300{GMT}	INFO	[jepsen worker 3] jepsen.util: 147	:invoke	:cas	[4 [3 0]]
2026-01-03 14:01:49,300{GMT}	INFO	[jepsen worker 4] jepsen.util: 142	:info	:cas	[4 [0 4]]	:net-timeout
2026-01-03 14:01:49,300{GMT}	INFO	[jepsen worker 4] jepsen.util: 148	:invoke	:write	[4 4]
2026-01-03 14:01:49,302{GMT}	INFO	[jepsen worker 2] jepsen.util: 2	:fail	:read	[4 nil]	:net-timeout
2026-01-03 14:01:49,302{GMT}	INFO	[jepsen worker 0] jepsen.util: 0	:fail	:read	[4 nil]	:net-timeout
2026-01-03 14:01:49,303{GMT}	INFO	[jepsen worker 2] jepsen.util: 2	:invoke	:read	[4 nil]
2026-01-03 14:01:49,303{GMT}	INFO	[jepsen worker 0] jepsen.util: 0	:invoke	:read	[4 nil]
2026-01-03 14:01:49,305{GMT}	INFO	[jepsen worker 5] jepsen.util: 143	:info	:cas	[4 [2 2]]	:net-timeout
2026-01-03 14:01:49,306{GMT}	INFO	[jepsen worker 5] jepsen.util: 149	:invoke	:cas	[4 [4 3]]
2026-01-03 14:01:50,298{GMT}	INFO	[jepsen worker 1] jepsen.util: 1	:fail	:read	[4 nil]	:net-timeout
2026-01-03 14:01:50,300{GMT}	INFO	[jepsen worker 1] jepsen.util: 1	:invoke	:read	[4 nil]
2026-01-03 14:01:50,300{GMT}	INFO	[jepsen worker 3] jepsen.util: 147	:info	:cas	[4 [3 0]]	:net-timeout
2026-01-03 14:01:50,300{GMT}	INFO	[jepsen worker 4] jepsen.util: 148	:info	:write	[4 4]	:net-timeout
2026-01-03 14:01:50,301{GMT}	INFO	[jepsen worker 3] jepsen.util: 153	:invoke	:cas	[4 [3 2]]
2026-01-03 14:01:50,303{GMT}	INFO	[jepsen worker 2] jepsen.util: 2	:fail	:read	[4 nil]	:net-timeout
2026-01-03 14:01:50,303{GMT}	INFO	[jepsen worker 0] jepsen.util: 0	:fail	:read	[4 nil]	:net-timeout
2026-01-03 14:01:50,304{GMT}	INFO	[jepsen worker 4] jepsen.util: 154	:invoke	:write	[4 0]
2026-01-03 14:01:50,304{GMT}	INFO	[jepsen worker 2] jepsen.util: 2	:invoke	:read	[4 nil]
2026-01-03 14:01:50,307{GMT}	INFO	[jepsen worker 5] jepsen.util: 149	:info	:cas	[4 [4 3]]	:net-timeout
2026-01-03 14:01:50,307{GMT}	INFO	[jepsen worker 0] jepsen.util: 0	:invoke	:read	[4 nil]
2026-01-03 14:01:50,308{GMT}	INFO	[jepsen worker 5] jepsen.util: 155	:invoke	:write	[5 2]
2026-01-03 14:01:51,300{GMT}	INFO	[jepsen worker 1] jepsen.util: 1	:fail	:read	[4 nil]	:net-timeout
2026-01-03 14:01:51,301{GMT}	INFO	[jepsen worker 1] jepsen.util: 1	:invoke	:read	[5 nil]
2026-01-03 14:01:51,301{GMT}	INFO	[jepsen worker 3] jepsen.util: 153	:info	:cas	[4 [3 2]]	:net-timeout
2026-01-03 14:01:51,303{GMT}	INFO	[jepsen worker 3] jepsen.util: 159	:invoke	:write	[5 4]
2026-01-03 14:01:51,304{GMT}	INFO	[jepsen worker 2] jepsen.util: 2	:fail	:read	[4 nil]	:net-timeout
2026-01-03 14:01:51,304{GMT}	INFO	[jepsen worker 4] jepsen.util: 154	:info	:write	[4 0]	:net-timeout
2026-01-03 14:01:51,305{GMT}	INFO	[jepsen worker 4] jepsen.util: 160	:invoke	:cas	[5 [1 2]]
2026-01-03 14:01:51,307{GMT}	INFO	[jepsen worker 0] jepsen.util: 0	:fail	:read	[4 nil]	:net-timeout
2026-01-03 14:01:51,307{GMT}	INFO	[jepsen worker 2] jepsen.util: 2	:invoke	:read	[5 nil]
2026-01-03 14:01:51,308{GMT}	INFO	[jepsen worker 0] jepsen.util: 0	:invoke	:read	[5 nil]
2026-01-03 14:01:51,308{GMT}	INFO	[jepsen worker 5] jepsen.util: 155	:info	:write	[5 2]	:net-timeout
2026-01-03 14:01:51,311{GMT}	INFO	[jepsen worker 5] jepsen.util: 161	:invoke	:cas	[5 [1 0]]
2026-01-03 14:01:52,302{GMT}	INFO	[jepsen worker 1] jepsen.util: 1	:fail	:read	[5 nil]	:net-timeout
2026-01-03 14:01:52,303{GMT}	INFO	[jepsen worker 1] jepsen.util: 1	:invoke	:read	[5 nil]
2026-01-03 14:01:52,303{GMT}	INFO	[jepsen worker 3] jepsen.util: 159	:info	:write	[5 4]	:net-timeout
2026-01-03 14:01:52,303{GMT}	INFO	[jepsen worker 3] jepsen.util: 165	:invoke	:cas	[5 [0 2]]
2026-01-03 14:01:52,305{GMT}	INFO	[jepsen worker 4] jepsen.util: 160	:info	:cas	[5 [1 2]]	:net-timeout
2026-01-03 14:01:52,305{GMT}	INFO	[jepsen worker 4] jepsen.util: 166	:invoke	:write	[5 2]
2026-01-03 14:01:52,307{GMT}	INFO	[jepsen worker 2] jepsen.util: 2	:fail	:read	[5 nil]	:net-timeout
2026-01-03 14:01:52,308{GMT}	INFO	[jepsen worker 0] jepsen.util: 0	:fail	:read	[5 nil]	:net-timeout
2026-01-03 14:01:52,309{GMT}	INFO	[jepsen worker 2] jepsen.util: 2	:invoke	:read	[5 nil]
2026-01-03 14:01:52,309{GMT}	INFO	[jepsen worker 0] jepsen.util: 0	:invoke	:read	[5 nil]
2026-01-03 14:01:52,311{GMT}	INFO	[jepsen worker 5] jepsen.util: 161	:info	:cas	[5 [1 0]]	:net-timeout
2026-01-03 14:01:52,311{GMT}	INFO	[jepsen worker 5] jepsen.util: 167	:invoke	:cas	[5 [4 3]]
2026-01-03 14:01:53,303{GMT}	INFO	[jepsen worker 1] jepsen.util: 1	:fail	:read	[5 nil]	:net-timeout
2026-01-03 14:01:53,303{GMT}	INFO	[jepsen worker 3] jepsen.util: 165	:info	:cas	[5 [0 2]]	:net-timeout
2026-01-03 14:01:53,304{GMT}	INFO	[jepsen worker 3] jepsen.util: 171	:invoke	:cas	[5 [1 2]]
2026-01-03 14:01:53,305{GMT}	INFO	[jepsen worker 4] jepsen.util: 166	:info	:write	[5 2]	:net-timeout
2026-01-03 14:01:53,306{GMT}	INFO	[jepsen worker 4] jepsen.util: 172	:invoke	:write	[5 3]
2026-01-03 14:01:53,306{GMT}	INFO	[jepsen worker 1] jepsen.util: 1	:invoke	:read	[5 nil]
2026-01-03 14:01:53,309{GMT}	INFO	[jepsen worker 2] jepsen.util: 2	:fail	:read	[5 nil]	:net-timeout
2026-01-03 14:01:53,309{GMT}	INFO	[jepsen worker 0] jepsen.util: 0	:fail	:read	[5 nil]	:net-timeout
2026-01-03 14:01:53,310{GMT}	INFO	[jepsen worker 0] jepsen.util: 0	:invoke	:read	[5 nil]
2026-01-03 14:01:53,311{GMT}	INFO	[jepsen worker 2] jepsen.util: 2	:invoke	:read	[5 nil]
2026-01-03 14:01:53,311{GMT}	INFO	[jepsen worker 5] jepsen.util: 167	:info	:cas	[5 [4 3]]	:net-timeout
2026-01-03 14:01:53,312{GMT}	INFO	[jepsen worker 5] jepsen.util: 173	:invoke	:cas	[5 [1 0]]
2026-01-03 14:01:54,305{GMT}	INFO	[jepsen worker 3] jepsen.util: 171	:info	:cas	[5 [1 2]]	:net-timeout
2026-01-03 14:01:54,306{GMT}	INFO	[jepsen worker 4] jepsen.util: 172	:info	:write	[5 3]	:net-timeout
2026-01-03 14:01:54,306{GMT}	INFO	[jepsen worker 1] jepsen.util: 1	:fail	:read	[5 nil]	:net-timeout
2026-01-03 14:01:54,306{GMT}	INFO	[jepsen worker 3] jepsen.util: 177	:invoke	:cas	[5 [4 4]]
2026-01-03 14:01:54,308{GMT}	INFO	[jepsen worker 1] jepsen.util: 1	:invoke	:read	[5 nil]
2026-01-03 14:01:54,309{GMT}	INFO	[jepsen worker 4] jepsen.util: 178	:invoke	:write	[5 2]
2026-01-03 14:01:54,311{GMT}	INFO	[jepsen worker 0] jepsen.util: 0	:fail	:read	[5 nil]	:net-timeout
2026-01-03 14:01:54,311{GMT}	INFO	[jepsen worker 2] jepsen.util: 2	:fail	:read	[5 nil]	:net-timeout
2026-01-03 14:01:54,311{GMT}	INFO	[jepsen worker 0] jepsen.util: 0	:invoke	:read	[5 nil]
2026-01-03 14:01:54,312{GMT}	INFO	[jepsen worker 2] jepsen.util: 2	:invoke	:read	[5 nil]
2026-01-03 14:01:54,312{GMT}	INFO	[jepsen worker 5] jepsen.util: 173	:info	:cas	[5 [1 0]]	:net-timeout
2026-01-03 14:01:54,314{GMT}	INFO	[jepsen worker 5] jepsen.util: 179	:invoke	:cas	[5 [1 1]]
2026-01-03 14:01:54,426{GMT}	INFO	[jepsen worker nemesis] jepsen.util: :nemesis	:info	:start-partition	:majorities-ring
2026-01-03 14:01:54,428{GMT}	INFO	[jepsen worker nemesis] jepsen.util: :nemesis	:info	:start-partition	[:isolated {"n1" #{"n2"}, "n2" #{"n0"}, "n0" #{"n1"}}]
2026-01-03 14:01:55,307{GMT}	INFO	[jepsen worker 3] jepsen.util: 177	:info	:cas	[5 [4 4]]	:net-timeout
2026-01-03 14:01:55,308{GMT}	INFO	[jepsen worker 1] jepsen.util: 1	:fail	:read	[5 nil]	:net-timeout
2026-01-03 14:01:55,309{GMT}	INFO	[jepsen worker 4] jepsen.util: 178	:info	:write	[5 2]	:net-timeout
2026-01-03 14:01:55,312{GMT}	INFO	[jepsen worker 0] jepsen.util: 0	:fail	:read	[5 nil]	:net-timeout
2026-01-03 14:01:55,312{GMT}	INFO	[jepsen worker 2] jepsen.util: 2	:fail	:read	[5 nil]	:net-timeout
2026-01-03 14:01:55,315{GMT}	INFO	[jepsen worker 5] jepsen.util: 179	:info	:cas	[5 [1 1]]	:net-timeout
2026-01-03 14:01:55,342{GMT}	INFO	[jepsen test runner] jepsen.core: Run complete, writing
2026-01-03 14:01:55,437{GMT}	INFO	[jepsen node n2] maelstrom.db: Tearing down n2
2026-01-03 14:01:55,437{GMT}	INFO	[jepsen node n0] maelstrom.db: Tearing down n0
2026-01-03 14:01:55,437{GMT}	INFO	[jepsen node n1] maelstrom.db: Tearing down n1
2026-01-03 14:01:56,315{GMT}	INFO	[jepsen node n0] maelstrom.net: Shutting down Maelstrom network
2026-01-03 14:01:56,319{GMT}	WARN	[jepsen test runner] jepsen.core: Test crashed!
clojure.lang.ExceptionInfo: Node n1 crashed with exit status 1. Before crashing, it wrote to STDOUT:

{"src":"n1","dest":"c0","body":{"in_reply_to":1,"type":"init_ok"}}

And to STDERR:

2026/01/03 14:01:25 Received {c0 n1 {"type":"init","node_id":"n1","node_ids":["n0","n1","n2"],"msg_id":1}}
2026/01/03 14:01:25 Node n1 initialized
2026/01/03 14:01:25 Sent {"src":"n1","dest":"c0","body":{"in_reply_to":1,"type":"init_ok"}}
2026/01/03 14:01:25 Received {c7 n1 {"key":0,"type":"read","msg_id":1}}
2026/01/03 14:01:25 No handler for {"id":7,"src":"c7","dest":"n1","body":{"key":0,"type":"read","msg_id":1}}

Full STDERR logs are available in /home/jm/repo/fly-ds-challenge/id-gen/store/lin-kv/20260103T140123.772-0500/node-logs/n1.log
	at slingshot.support$stack_trace.invoke(support.clj:201)
	at maelstrom.process$stop_node_BANG_.invokeStatic(process.clj:239)
	at maelstrom.process$stop_node_BANG_.invoke(process.clj:217)
	at maelstrom.db$db$reify__16612.teardown_BANG_(db.clj:75)
	at jepsen.db$fn__11629$G__11610__11633.invoke(db.clj:12)
	at jepsen.db$fn__11629$G__11609__11638.invoke(db.clj:12)
	at clojure.core$partial$fn__5927.invoke(core.clj:2642)
	at jepsen.control$on_nodes$fn__9552.invoke(control.clj:319)
	at clojure.lang.AFn.applyToHelper(AFn.java:154)
	at clojure.lang.AFn.applyTo(AFn.java:144)
	at clojure.core$apply.invokeStatic(core.clj:667)
	at clojure.core$with_bindings_STAR_.invokeStatic(core.clj:1990)
	at clojure.core$with_bindings_STAR_.doInvoke(core.clj:1990)
	at clojure.lang.RestFn.applyTo(RestFn.java:145)
	at clojure.core$apply.invokeStatic(core.clj:671)
	at clojure.core$bound_fn_STAR_$fn__5837.doInvoke(core.clj:2020)
	at clojure.lang.RestFn.invoke(RestFn.java:411)
	at dom_top.core$real_pmap_helper$build_thread__730$fn__731.invoke(core.clj:163)
	at clojure.lang.AFn.applyToHelper(AFn.java:152)
	at clojure.lang.AFn.applyTo(AFn.java:144)
	at clojure.core$apply.invokeStatic(core.clj:667)
	at clojure.core$with_bindings_STAR_.invokeStatic(core.clj:1990)
	at clojure.core$with_bindings_STAR_.doInvoke(core.clj:1990)
	at clojure.lang.RestFn.invoke(RestFn.java:428)
	at clojure.lang.AFn.applyToHelper(AFn.java:156)
	at clojure.lang.RestFn.applyTo(RestFn.java:135)
	at clojure.core$apply.invokeStatic(core.clj:671)
	at clojure.core$bound_fn_STAR_$fn__5837.doInvoke(core.clj:2020)
	at clojure.lang.RestFn.invoke(RestFn.java:400)
	at clojure.lang.AFn.run(AFn.java:22)
	at java.base/java.lang.Thread.run(Thread.java:840)
